Archive member included to satisfy reference by file (symbol)

D:/SwitchDevkit/libnx/lib\libnx.a(applet.o)
                              main.o (appletMainLoop)
D:/SwitchDevkit/libnx/lib\libnx.a(sm.o)
                              D:/SwitchDevkit/libnx/lib\libnx.a(applet.o) (smGetServiceWrapper)
D:/SwitchDevkit/libnx/lib\libnx.a(diag.o)
                              D:/SwitchDevkit/libnx/lib\libnx.a(applet.o) (diagAbortWithResult)
D:/SwitchDevkit/libnx/lib\libnx.a(env.o)
                              D:/SwitchDevkit/libnx/lib\libnx.a(applet.o) (envIsNso)
D:/SwitchDevkit/libnx/lib\libnx.a(hosversion.o)
                              D:/SwitchDevkit/libnx/lib\libnx.a(applet.o) (hosversionGet)
D:/SwitchDevkit/libnx/lib\libnx.a(pad.o)
                              main.o (padConfigureInput)
D:/SwitchDevkit/libnx/lib\libnx.a(console.o)
                              main.o (consoleInit)
D:/SwitchDevkit/libnx/lib\libnx.a(console_sw.o)
                              D:/SwitchDevkit/libnx/lib\libnx.a(console.o) (getDefaultConsoleRenderer)
D:/SwitchDevkit/libnx/lib\libnx.a(svc.o)
                              D:/SwitchDevkit/libnx/lib\libnx.a(applet.o) (svcExitProcess)
D:/SwitchDevkit/libnx/lib\libnx.a(switch_crt0.o)
                              (_start)
D:/SwitchDevkit/libnx/lib\libnx.a(default_font.bin.o)
                              D:/SwitchDevkit/libnx/lib\libnx.a(console.o) (default_font_bin)
D:/SwitchDevkit/libnx/lib\libnx.a(event.o)
                              D:/SwitchDevkit/libnx/lib\libnx.a(applet.o) (eventLoadRemote)
D:/SwitchDevkit/libnx/lib\libnx.a(mutex.o)
                              D:/SwitchDevkit/libnx/lib\libnx.a(applet.o) (mutexLock)
D:/SwitchDevkit/libnx/lib\libnx.a(tmem.o)
                              D:/SwitchDevkit/libnx/lib\libnx.a(applet.o) (tmemCreate)
D:/SwitchDevkit/libnx/lib\libnx.a(virtmem.o)
                              D:/SwitchDevkit/libnx/lib\libnx.a(tmem.o) (virtmemLock)
D:/SwitchDevkit/libnx/lib\libnx.a(wait.o)
                              D:/SwitchDevkit/libnx/lib\libnx.a(applet.o) (waitObjects)
D:/SwitchDevkit/libnx/lib\libnx.a(apm.o)
                              D:/SwitchDevkit/libnx/lib\libnx.a(applet.o) (apmInitialize)
D:/SwitchDevkit/libnx/lib\libnx.a(hid.o)
                              D:/SwitchDevkit/libnx/lib\libnx.a(pad.o) (hidGetNpadStyleSet)
D:/SwitchDevkit/libnx/lib\libnx.a(default_window.o)
                              D:/SwitchDevkit/libnx/lib\libnx.a(console_sw.o) (nwindowGetDefault)
D:/SwitchDevkit/libnx/lib\libnx.a(framebuffer.o)
                              D:/SwitchDevkit/libnx/lib\libnx.a(console_sw.o) (framebufferMakeLinear)
D:/SwitchDevkit/libnx/lib\libnx.a(native_window.o)
                              D:/SwitchDevkit/libnx/lib\libnx.a(framebuffer.o) (nwindowIsValid)
D:/SwitchDevkit/libnx/lib\libnx.a(alloc.o)
                              D:/SwitchDevkit/libnx/lib\libnx.a(virtmem.o) (__libnx_alloc)
D:/SwitchDevkit/libnx/lib\libnx.a(argv.o)
                              D:/SwitchDevkit/libnx/lib\libnx.a(switch_crt0.o) (__system_argc)
D:/SwitchDevkit/libnx/lib\libnx.a(dynamic.o)
                              D:/SwitchDevkit/libnx/lib\libnx.a(switch_crt0.o) (__nx_dynamic)
D:/SwitchDevkit/libnx/lib\libnx.a(init.o)
                              D:/SwitchDevkit/libnx/lib\libnx.a(switch_crt0.o) (__libnx_init)
D:/SwitchDevkit/libnx/lib\libnx.a(newlib.o)
                              D:/SwitchDevkit/libnx/lib\libnx.a(init.o) (__libnx_init_time)
D:/SwitchDevkit/libnx/lib\libnx.a(nxlink.o)
                              D:/SwitchDevkit/libnx/lib\libnx.a(argv.o) (nxlinkSetup)
D:/SwitchDevkit/libnx/lib\libnx.a(fs_dev.o)
                              D:/SwitchDevkit/libnx/lib\libnx.a(init.o) (fsdevMountSdmc)
D:/SwitchDevkit/libnx/lib\libnx.a(path_buf.o)
                              D:/SwitchDevkit/libnx/lib\libnx.a(fs_dev.o) (__nx_dev_path_buf)
D:/SwitchDevkit/libnx/lib\libnx.a(decode_utf8.o)
                              D:/SwitchDevkit/libnx/lib\libnx.a(fs_dev.o) (decode_utf8)
D:/SwitchDevkit/libnx/lib\libnx.a(cache.o)
                              D:/SwitchDevkit/libnx/lib\libnx.a(framebuffer.o) (armDCacheFlush)
D:/SwitchDevkit/libnx/lib\libnx.a(exception.o)
                              D:/SwitchDevkit/libnx/lib\libnx.a(switch_crt0.o) (__libnx_exception_entry)
D:/SwitchDevkit/libnx/lib\libnx.a(readtp.o)
                              D:/SwitchDevkit/libnx/lib\libnx.a(fs_dev.o) (__aarch64_read_tp)
D:/SwitchDevkit/libnx/lib\libnx.a(condvar.o)
                              D:/SwitchDevkit/libnx/lib\libnx.a(newlib.o) (condvarWaitTimeout)
D:/SwitchDevkit/libnx/lib\libnx.a(random.o)
                              D:/SwitchDevkit/libnx/lib\libnx.a(virtmem.o) (randomGet64)
D:/SwitchDevkit/libnx/lib\libnx.a(shmem.o)
                              D:/SwitchDevkit/libnx/lib\libnx.a(hid.o) (shmemLoadRemote)
D:/SwitchDevkit/libnx/lib\libnx.a(thread.o)
                              D:/SwitchDevkit/libnx/lib\libnx.a(init.o) (__libnx_init_thread)
[...]
Memory Configuration

Name             Origin             Length             Attributes
*default*        0x0000000000000000 0xffffffffffffffff

Linker script and memory map

                0x0000000000000000                PROVIDE (__start__ = 0x0)
                0x0000000000000000                . = __start__
                [!provide]                        PROVIDE (__code_start = .)

.text           0x0000000000000000    0x16a08
 *(.crt0)
 .crt0          0x0000000000000000      0x130 D:/SwitchDevkit/libnx/lib\libnx.a(switch_crt0.o)
                0x0000000000000000                _start
                0x00000000000000e0                __nx_exit
                0x00000000000000f0                __nx_mod0
 *(.text.unlikely .text.*_unlikely .text.unlikely.*)
 *(.text.exit .text.exit.*)
 *fill*         0x0000000000000130       0x10 
 .text.exit     0x0000000000000140       0x34 D:/SwitchDevkit/devkitA64/bin/../lib/gcc/aarch64-none-elf/15.2.0/../../../../aarch64-none-elf/lib/pic\libg.a(libc_a-exit.o)
                0x0000000000000140                exit
 *(.text.startup .text.startup.*)
 *fill*         0x0000000000000174        0xc 
 .text.startup.main
                0x0000000000000180       0x70 main.o
                0x0000000000000180                main
 *(.text.hot .text.hot.*)
 *(.text .stub .text.* .gnu.linkonce.t.*)
 *fill*         0x00000000000001f0       0x10 
 .text.__do_global_dtors_aux
                0x0000000000000200       0x50 D:/SwitchDevkit/devkitA64/bin/../lib/gcc/aarch64-none-elf/15.2.0/pic/crtbegin.o
 *fill*         0x0000000000000250       0x10 
 .text.frame_dummy
                0x0000000000000260       0x24 D:/SwitchDevkit/devkitA64/bin/../lib/gcc/aarch64-none-elf/15.2.0/pic/crtbegin.o
 *fill*         0x0000000000000284        0xc 
 .text._appletInfiniteSleepLoop
                0x0000000000000290       0x18 D:/SwitchDevkit/libnx/lib\libnx.a(applet.o)
 *fill*         0x00000000000002a8        0x8 
 .text._appletCmdGetSession
                0x00000000000002b0      0x108 D:/SwitchDevkit/libnx/lib\libnx.a(applet.o)
 *fill*         0x00000000000003b8        0x8 
 .text._appletCmdInU8NoOut
                0x00000000000003c0       0xcc D:/SwitchDevkit/libnx/lib\libnx.a(applet.o)
 *fill*         0x000000000000048c        0x4 
 .text._appletCmdInU32NoOut
                0x0000000000000490       0xcc D:/SwitchDevkit/libnx/lib\libnx.a(applet.o)
 *fill*         0x000000000000055c        0x4 
 .text._appletGetSessionProxy.constprop.0
                0x0000000000000560      0x12c D:/SwitchDevkit/libnx/lib\libnx.a(applet.o)
 *fill*         0x000000000000068c        0x4 
 .text._appletOpenLibraryAppletProxy.constprop.0
                0x0000000000000690      0x148 D:/SwitchDevkit/libnx/lib\libnx.a(applet.o)
 *fill*         0x00000000000007d8        0x8 
 .text._appletCmdGetEvent
                0x00000000000007e0       0xf8 D:/SwitchDevkit/libnx/lib\libnx.a(applet.o)
 *fill*         0x00000000000008d8        0x8 
 .text._appletCmdNoInOutU8.isra.0
                0x00000000000008e0       0xd4 D:/SwitchDevkit/libnx/lib\libnx.a(applet.o)
 *fill*         0x00000000000009b4        0xc 
 .text._appletCmdNoInOutU32.isra.0
                0x00000000000009c0       0xd4 D:/SwitchDevkit/libnx/lib\libnx.a(applet.o)
 *fill*         0x0000000000000a94        0xc 
 .text._appletCmdNoInOutU64.isra.0
                0x0000000000000aa0       0xd4 D:/SwitchDevkit/libnx/lib\libnx.a(applet.o)
 *fill*         0x0000000000000b74        0xc 
 .text._appletCmdNoIO.isra.0
                0x0000000000000b80       0xc0 D:/SwitchDevkit/libnx/lib\libnx.a(applet.o)
 .text.appletGetAppletType
                0x0000000000000c40       0x10 D:/SwitchDevkit/libnx/lib\libnx.a(applet.o)
                0x0000000000000c40                appletGetAppletType
 .text.appletSetFocusHandlingMode
                0x0000000000000c50      0x1b8 D:/SwitchDevkit/libnx/lib\libnx.a(applet.o)
                0x0000000000000c50                appletSetFocusHandlingMode
 *fill*         0x0000000000000e08        0x8 
 .text.appletSetCpuBoostMode
                0x0000000000000e10       0x5c D:/SwitchDevkit/libnx/lib\libnx.a(applet.o)
                0x0000000000000e10                appletSetCpuBoostMode
 *fill*         0x0000000000000e6c        0x4 
 .text.appletCreateManagedDisplayLayer
                0x0000000000000e70       0x2c D:/SwitchDevkit/libnx/lib\libnx.a(applet.o)
                0x0000000000000e70                appletCreateManagedDisplayLayer
 *fill*         0x0000000000000e9c        0x4 
 .text.appletGetAppletResourceUserId
                0x0000000000000ea0        0xc D:/SwitchDevkit/libnx/lib\libnx.a(applet.o)
                0x0000000000000ea0                appletGetAppletResourceUserId
 *fill*         0x0000000000000eac        0x4 
 .text._appletHolderCreateState
                0x0000000000000eb0      0x138 D:/SwitchDevkit/libnx/lib\libnx.a(applet.o)
 *fill*         0x0000000000000fe8        0x8 
 .text.appletHolderClose
                0x0000000000000ff0       0xb0 D:/SwitchDevkit/libnx/lib\libnx.a(applet.o)
                0x0000000000000ff0                appletHolderClose
 .text.appletHolderGetLibraryAppletInfo
                0x00000000000010a0       0x24 D:/SwitchDevkit/libnx/lib\libnx.a(applet.o)
                0x00000000000010a0                appletHolderGetLibraryAppletInfo
 *fill*         0x00000000000010c4        0xc 
 .text.appletNotifyRunning
                0x00000000000010d0       0x90 D:/SwitchDevkit/libnx/lib\libnx.a(applet.o)
                0x00000000000010d0                appletNotifyRunning
 .text.appletSetGamePlayRecordingState
                0x0000000000001160       0x78 D:/SwitchDevkit/libnx/lib\libnx.a(applet.o)
                0x0000000000001160                appletSetGamePlayRecordingState
 *fill*         0x00000000000011d8        0x8 
 .text._appletCleanup
                0x00000000000011e0      0xad4 D:/SwitchDevkit/libnx/lib\libnx.a(applet.o)
 *fill*         0x0000000000001cb4        0xc 
 .text.appletExit
                0x0000000000001cc0       0x48 D:/SwitchDevkit/libnx/lib\libnx.a(applet.o)
                0x0000000000001cc0                appletExit
 *fill*         0x0000000000001d08        0x8 
 .text.appletGetLibraryAppletInfo
                0x0000000000001d10       0x40 D:/SwitchDevkit/libnx/lib\libnx.a(applet.o)
                0x0000000000001d10                appletGetLibraryAppletInfo
 .text.appletInitialize
                0x0000000000001d50      0xc14 D:/SwitchDevkit/libnx/lib\libnx.a(applet.o)
                0x0000000000001d50                appletInitialize
 *fill*         0x0000000000002964        0xc 
 .text._appletExitProcess
                0x0000000000002970       0x24 D:/SwitchDevkit/libnx/lib\libnx.a(applet.o)
 *fill*         0x0000000000002994        0xc 
 .text.appletGetMessage
                0x00000000000029a0       0x74 D:/SwitchDevkit/libnx/lib\libnx.a(applet.o)
                0x00000000000029a0                appletGetMessage
 *fill*         0x0000000000002a14        0xc 
 .text.appletProcessMessage
                0x0000000000002a20      0x264 D:/SwitchDevkit/libnx/lib\libnx.a(applet.o)
                0x0000000000002a20                appletProcessMessage
 *fill*         0x0000000000002c84        0xc 
 .text.appletMainLoop
                0x0000000000002c90       0x34 D:/SwitchDevkit/libnx/lib\libnx.a(applet.o)
                0x0000000000002c90                appletMainLoop
 *fill*         0x0000000000002cc4        0xc 
 .text._smCmifCmdInPid
                0x0000000000002cd0       0xcc D:/SwitchDevkit/libnx/lib\libnx.a(sm.o)
 *fill*         0x0000000000002d9c        0x4 
 .text._smCleanup
                0x0000000000002da0       0x78 D:/SwitchDevkit/libnx/lib\libnx.a(sm.o)
 *fill*         0x0000000000002e18        0x8 
 .text.smAddOverrideHandle
                0x0000000000002e20       0x48 D:/SwitchDevkit/libnx/lib\libnx.a(sm.o)
                0x0000000000002e20                smAddOverrideHandle
 *fill*         0x0000000000002e68        0x8 
 .text.smGetServiceOverride
                0x0000000000002e70       0x54 D:/SwitchDevkit/libnx/lib\libnx.a(sm.o)
                0x0000000000002e70                smGetServiceOverride
 *fill*         0x0000000000002ec4        0xc 
 .text.smInitialize
                0x0000000000002ed0      0x1ac D:/SwitchDevkit/libnx/lib\libnx.a(sm.o)
                0x0000000000002ed0                smInitialize
 *fill*         0x000000000000307c        0x4 
 .text.smExit   0x0000000000003080       0x48 D:/SwitchDevkit/libnx/lib\libnx.a(sm.o)
                0x0000000000003080                smExit
 *fill*         0x00000000000030c8        0x8 
 .text.smGetServiceOriginal
                0x00000000000030d0       0xd0 D:/SwitchDevkit/libnx/lib\libnx.a(sm.o)
                0x00000000000030d0                smGetServiceOriginal
 .text.smGetServiceWrapper
                0x00000000000031a0      0x120 D:/SwitchDevkit/libnx/lib\libnx.a(sm.o)
                0x00000000000031a0                smGetServiceWrapper
 .text.diagAbortWithResult
                0x00000000000032c0       0x1c D:/SwitchDevkit/libnx/lib\libnx.a(diag.o)
                0x00000000000032c0                diagAbortWithResult
 *fill*         0x00000000000032dc        0x4 
 .text.envSetup
                0x00000000000032e0      0x208 D:/SwitchDevkit/libnx/lib\libnx.a(env.o)
                0x00000000000032e0                envSetup
 *fill*         0x00000000000034e8        0x8 
 .text.envGetMainThreadHandle
                0x00000000000034f0       0x20 D:/SwitchDevkit/libnx/lib\libnx.a(env.o)
                0x00000000000034f0                envGetMainThreadHandle
 .text.envIsNso
                0x0000000000003510        0xc D:/SwitchDevkit/libnx/lib\libnx.a(env.o)
                0x0000000000003510                envIsNso
 *fill*         0x000000000000351c        0x4 
 .text.envHasHeapOverride
                0x0000000000003520       0x14 D:/SwitchDevkit/libnx/lib\libnx.a(env.o)
                0x0000000000003520                envHasHeapOverride
 *fill*         0x0000000000003534        0xc 
 .text.envGetHeapOverrideAddr
                0x0000000000003540        0xc D:/SwitchDevkit/libnx/lib\libnx.a(env.o)
                0x0000000000003540                envGetHeapOverrideAddr
 *fill*         0x000000000000354c        0x4 
 .text.envGetHeapOverrideSize
                0x0000000000003550        0xc D:/SwitchDevkit/libnx/lib\libnx.a(env.o)
                0x0000000000003550                envGetHeapOverrideSize
 *fill*         0x000000000000355c        0x4 
 .text.envHasArgv
                0x0000000000003560       0x14 D:/SwitchDevkit/libnx/lib\libnx.a(env.o)
                0x0000000000003560                envHasArgv
 *fill*         0x0000000000003574        0xc 
 .text.envGetArgv
                0x0000000000003580        0xc D:/SwitchDevkit/libnx/lib\libnx.a(env.o)
                0x0000000000003580                envGetArgv
 *fill*         0x000000000000358c        0x4 
 .text.envGetExitFuncPtr
                0x0000000000003590        0xc D:/SwitchDevkit/libnx/lib\libnx.a(env.o)
                0x0000000000003590                envGetExitFuncPtr
 *fill*         0x000000000000359c        0x4 
 .text.envSetExitFuncPtr
                0x00000000000035a0        0xc D:/SwitchDevkit/libnx/lib\libnx.a(env.o)
                0x00000000000035a0                envSetExitFuncPtr
 *fill*         0x00000000000035ac        0x4 
 .text.envHasRandomSeed
                0x00000000000035b0        0xc D:/SwitchDevkit/libnx/lib\libnx.a(env.o)
                0x00000000000035b0                envHasRandomSeed
 *fill*         0x00000000000035bc        0x4 
 .text.envGetRandomSeed
                0x00000000000035c0       0x10 D:/SwitchDevkit/libnx/lib\libnx.a(env.o)
                0x00000000000035c0                envGetRandomSeed
 .text.hosversionGet
                0x00000000000035d0       0x14 D:/SwitchDevkit/libnx/lib\libnx.a(hosversion.o)
                0x00000000000035d0                hosversionGet
 *fill*         0x00000000000035e4        0xc 
 .text.hosversionSet
                0x00000000000035f0       0x10 D:/SwitchDevkit/libnx/lib\libnx.a(hosversion.o)
                0x00000000000035f0                hosversionSet
 .text.padConfigureInput
                0x0000000000003600       0x9c D:/SwitchDevkit/libnx/lib\libnx.a(pad.o)
                0x0000000000003600                padConfigureInput
 *fill*         0x000000000000369c        0x4 
 .text.padInitializeWithMask
                0x00000000000036a0       0x24 D:/SwitchDevkit/libnx/lib\libnx.a(pad.o)
                0x00000000000036a0                padInitializeWithMask
 *fill*         0x00000000000036c4        0xc 
 .text.padUpdate
                0x00000000000036d0      0x29c D:/SwitchDevkit/libnx/lib\libnx.a(pad.o)
                0x00000000000036d0                padUpdate
 *fill*         0x000000000000396c        0x4 
 .text.consoleDrawChar
                0x0000000000003970       0x50 D:/SwitchDevkit/libnx/lib\libnx.a(console.o)
 .text.consoleNewRow
                0x00000000000039c0       0xb8 D:/SwitchDevkit/libnx/lib\libnx.a(console.o)
 *fill*         0x0000000000003a78        0x8 
 .text.consolePrintChar.part.0
                0x0000000000003a80      0x194 D:/SwitchDevkit/libnx/lib\libnx.a(console.o)
 *fill*         0x0000000000003c14        0xc 
 .text.con_write
                0x0000000000003c20      0xdf8 D:/SwitchDevkit/libnx/lib\libnx.a(console.o)
 *fill*         0x0000000000004a18        0x8 
 .text.consoleInit
                0x0000000000004a20      0x160 D:/SwitchDevkit/libnx/lib\libnx.a(console.o)
                0x0000000000004a20                consoleInit
 .text.consoleExit
                0x0000000000004b80       0x44 D:/SwitchDevkit/libnx/lib\libnx.a(console.o)
                0x0000000000004b80                consoleExit
 *fill*         0x0000000000004bc4        0xc 
 .text.consoleUpdate
                0x0000000000004bd0       0x2c D:/SwitchDevkit/libnx/lib\libnx.a(console.o)
                0x0000000000004bd0                consoleUpdate
 *fill*         0x0000000000004bfc        0x4 
 .text.ConsoleSwRenderer_drawChar
                0x0000000000004c00      0x1bc D:/SwitchDevkit/libnx/lib\libnx.a(console_sw.o)
 *fill*         0x0000000000004dbc        0x4 
 .text.ConsoleSwRenderer_init
                0x0000000000004dc0       0xe8 D:/SwitchDevkit/libnx/lib\libnx.a(console_sw.o)
 *fill*         0x0000000000004ea8        0x8 
 .text.ConsoleSwRenderer_flushAndSwap
                0x0000000000004eb0       0x78 D:/SwitchDevkit/libnx/lib\libnx.a(console_sw.o)
 *fill*         0x0000000000004f28        0x8 
 .text.ConsoleSwRenderer_scrollWindow
                0x0000000000004f30       0xdc D:/SwitchDevkit/libnx/lib\libnx.a(console_sw.o)
 *fill*         0x000000000000500c        0x4 
 .text.ConsoleSwRenderer_deinit
                0x0000000000005010       0x50 D:/SwitchDevkit/libnx/lib\libnx.a(console_sw.o)
 .text.getDefaultConsoleRenderer
                0x0000000000005060        0xc D:/SwitchDevkit/libnx/lib\libnx.a(console_sw.o)
                0x0000000000005060                getDefaultConsoleRenderer
 .text.svcSetHeapSize
                0x000000000000506c       0x14 D:/SwitchDevkit/libnx/lib\libnx.a(svc.o)
                0x000000000000506c                svcSetHeapSize
 .text.svcSetMemoryPermission
                0x0000000000005080        0x8 D:/SwitchDevkit/libnx/lib\libnx.a(svc.o)
                0x0000000000005080                svcSetMemoryPermission
 .text.svcSetMemoryAttribute
                0x0000000000005088        0x8 D:/SwitchDevkit/libnx/lib\libnx.a(svc.o)
                0x0000000000005088                svcSetMemoryAttribute
 .text.svcUnmapMemory
                0x0000000000005090        0x8 D:/SwitchDevkit/libnx/lib\libnx.a(svc.o)
                0x0000000000005090                svcUnmapMemory
 .text.svcQueryMemory
                0x0000000000005098       0x14 D:/SwitchDevkit/libnx/lib\libnx.a(svc.o)
                0x0000000000005098                svcQueryMemory
 .text.svcExitProcess
                0x00000000000050ac        0x8 D:/SwitchDevkit/libnx/lib\libnx.a(svc.o)
                0x00000000000050ac                svcExitProcess
 .text.svcSleepThread
                0x00000000000050b4        0x8 D:/SwitchDevkit/libnx/lib\libnx.a(svc.o)
                0x00000000000050b4                svcSleepThread
 .text.svcMapSharedMemory
                0x00000000000050bc        0x8 D:/SwitchDevkit/libnx/lib\libnx.a(svc.o)
                0x00000000000050bc                svcMapSharedMemory
 .text.svcUnmapSharedMemory
                0x00000000000050c4        0x8 D:/SwitchDevkit/libnx/lib\libnx.a(svc.o)
                0x00000000000050c4                svcUnmapSharedMemory
 .text.svcCreateTransferMemory
                0x00000000000050cc       0x14 D:/SwitchDevkit/libnx/lib\libnx.a(svc.o)
                0x00000000000050cc                svcCreateTransferMemory
 .text.svcCloseHandle
                0x00000000000050e0        0x8 D:/SwitchDevkit/libnx/lib\libnx.a(svc.o)
                0x00000000000050e0                svcCloseHandle
 .text.svcResetSignal
                0x00000000000050e8        0x8 D:/SwitchDevkit/libnx/lib\libnx.a(svc.o)
                0x00000000000050e8                svcResetSignal
 .text.svcWaitSynchronization
                0x00000000000050f0       0x14 D:/SwitchDevkit/libnx/lib\libnx.a(svc.o)
                0x00000000000050f0                svcWaitSynchronization
 .text.svcArbitrateLock
                0x0000000000005104        0x8 D:/SwitchDevkit/libnx/lib\libnx.a(svc.o)
                0x0000000000005104                svcArbitrateLock
 .text.svcArbitrateUnlock
                0x000000000000510c        0x8 D:/SwitchDevkit/libnx/lib\libnx.a(svc.o)
                0x000000000000510c                svcArbitrateUnlock
 .text.svcWaitProcessWideKeyAtomic
                0x0000000000005114        0x8 D:/SwitchDevkit/libnx/lib\libnx.a(svc.o)
                0x0000000000005114                svcWaitProcessWideKeyAtomic
 .text.svcSignalProcessWideKey
                0x000000000000511c        0x8 D:/SwitchDevkit/libnx/lib\libnx.a(svc.o)
                0x000000000000511c                svcSignalProcessWideKey
 .text.svcConnectToNamedPort
                0x0000000000005124       0x14 D:/SwitchDevkit/libnx/lib\libnx.a(svc.o)
                0x0000000000005124                svcConnectToNamedPort
 .text.svcSendSyncRequest
                0x0000000000005138        0x8 D:/SwitchDevkit/libnx/lib\libnx.a(svc.o)
                0x0000000000005138                svcSendSyncRequest
 .text.svcBreak
                0x0000000000005140        0x8 D:/SwitchDevkit/libnx/lib\libnx.a(svc.o)
                0x0000000000005140                svcBreak
 .text.svcReturnFromException
                0x0000000000005148        0x8 D:/SwitchDevkit/libnx/lib\libnx.a(svc.o)
                0x0000000000005148                svcReturnFromException
 .text.svcGetInfo
                0x0000000000005150       0x14 D:/SwitchDevkit/libnx/lib\libnx.a(svc.o)
                0x0000000000005150                svcGetInfo
 .text.svcUnmapTransferMemory
                0x0000000000005164        0x8 D:/SwitchDevkit/libnx/lib\libnx.a(svc.o)
                0x0000000000005164                svcUnmapTransferMemory
 *fill*         0x000000000000516c        0x4 
 .text.eventLoadRemote
                0x0000000000005170        0xc D:/SwitchDevkit/libnx/lib\libnx.a(event.o)
                0x0000000000005170                eventLoadRemote
 *fill*         0x000000000000517c        0x4 
 .text.eventWait
                0x0000000000005180       0x34 D:/SwitchDevkit/libnx/lib\libnx.a(event.o)
                0x0000000000005180                eventWait
 *fill*         0x00000000000051b4        0xc 
 .text.eventClose
                0x00000000000051c0       0x54 D:/SwitchDevkit/libnx/lib\libnx.a(event.o)
                0x00000000000051c0                eventClose
 *fill*         0x0000000000005214        0xc 
 .text.mutexLock
                0x0000000000005220       0xc8 D:/SwitchDevkit/libnx/lib\libnx.a(mutex.o)
                0x0000000000005220                mutexLock
 *fill*         0x00000000000052e8        0x8 
 .text.mutexUnlock
                0x00000000000052f0       0x68 D:/SwitchDevkit/libnx/lib\libnx.a(mutex.o)
                0x00000000000052f0                mutexUnlock
 *fill*         0x0000000000005358        0x8 
 .text.mutexIsLockedByCurrentThread
                0x0000000000005360       0x1c D:/SwitchDevkit/libnx/lib\libnx.a(mutex.o)
                0x0000000000005360                mutexIsLockedByCurrentThread
 *fill*         0x000000000000537c        0x4 
 .text.rmutexLock
                0x0000000000005380       0x50 D:/SwitchDevkit/libnx/lib\libnx.a(mutex.o)
                0x0000000000005380                rmutexLock
 .text.rmutexUnlock
                0x00000000000053d0       0x18 D:/SwitchDevkit/libnx/lib\libnx.a(mutex.o)
                0x00000000000053d0                rmutexUnlock
 *fill*         0x00000000000053e8        0x8 
 .text.tmemCreate
                0x00000000000053f0       0xa8 D:/SwitchDevkit/libnx/lib\libnx.a(tmem.o)
                0x00000000000053f0                tmemCreate
 *fill*         0x0000000000005498        0x8 
 .text.tmemUnmap
                0x00000000000054a0       0x34 D:/SwitchDevkit/libnx/lib\libnx.a(tmem.o)
                0x00000000000054a0                tmemUnmap
 *fill*         0x00000000000054d4        0xc 
 .text.tmemCloseHandle
                0x00000000000054e0       0x30 D:/SwitchDevkit/libnx/lib\libnx.a(tmem.o)
                0x00000000000054e0                tmemCloseHandle
 .text.tmemWaitForPermission
                0x0000000000005510       0x9c D:/SwitchDevkit/libnx/lib\libnx.a(tmem.o)
                0x0000000000005510                tmemWaitForPermission
 *fill*         0x00000000000055ac        0x4 
 .text.tmemClose
                0x00000000000055b0       0x50 D:/SwitchDevkit/libnx/lib\libnx.a(tmem.o)
                0x00000000000055b0                tmemClose
 .text._memregionInitWithInfo
                0x0000000000005600       0x64 D:/SwitchDevkit/libnx/lib\libnx.a(virtmem.o)
 *fill*         0x0000000000005664        0xc 
 .text.__libnx_virtmem_rng
                0x0000000000005670        0x4 D:/SwitchDevkit/libnx/lib\libnx.a(virtmem.o)
                0x0000000000005670                __libnx_virtmem_rng
 *fill*         0x0000000000005674        0xc 
 .text._memregionFindRandom
                0x0000000000005680      0x164 D:/SwitchDevkit/libnx/lib\libnx.a(virtmem.o)
 *fill*         0x00000000000057e4        0xc 
 .text.virtmemSetup
                0x00000000000057f0      0x140 D:/SwitchDevkit/libnx/lib\libnx.a(virtmem.o)
                0x00000000000057f0                virtmemSetup
 .text.virtmemLock
                0x0000000000005930        0xc D:/SwitchDevkit/libnx/lib\libnx.a(virtmem.o)
                0x0000000000005930                virtmemLock
 *fill*         0x000000000000593c        0x4 
 .text.virtmemUnlock
                0x0000000000005940        0xc D:/SwitchDevkit/libnx/lib\libnx.a(virtmem.o)
                0x0000000000005940                virtmemUnlock
 *fill*         0x000000000000594c        0x4 
 .text.virtmemFindAslr
                0x0000000000005950       0x50 D:/SwitchDevkit/libnx/lib\libnx.a(virtmem.o)
                0x0000000000005950                virtmemFindAslr
 .text.waitObjects
                0x00000000000059a0      0x57c D:/SwitchDevkit/libnx/lib\libnx.a(wait.o)
                0x00000000000059a0                waitObjects
 *fill*         0x0000000000005f1c        0x4 
 .text._apmCleanup
                0x0000000000005f20       0xd4 D:/SwitchDevkit/libnx/lib\libnx.a(apm.o)
 *fill*         0x0000000000005ff4        0xc 
 .text.apmInitialize
                0x0000000000006000      0x194 D:/SwitchDevkit/libnx/lib\libnx.a(apm.o)
                0x0000000000006000                apmInitialize
 *fill*         0x0000000000006194        0xc 
 .text.apmExit  0x00000000000061a0       0x48 D:/SwitchDevkit/libnx/lib\libnx.a(apm.o)
                0x00000000000061a0                apmExit
 *fill*         0x00000000000061e8        0x8 
 .text.apmSetPerformanceConfiguration
                0x00000000000061f0       0xc8 D:/SwitchDevkit/libnx/lib\libnx.a(apm.o)
                0x00000000000061f0                apmSetPerformanceConfiguration
 *fill*         0x00000000000062b8        0x8 
 .text._hidCleanup
                0x00000000000062c0      0x12c D:/SwitchDevkit/libnx/lib\libnx.a(hid.o)
 *fill*         0x00000000000063ec        0x4 
 .text._hidCmdInAruidNoOut
                0x00000000000063f0       0xd4 D:/SwitchDevkit/libnx/lib\libnx.a(hid.o)
 *fill*         0x00000000000064c4        0xc 
 .text._hidCmdInU32AruidNoOut
                0x00000000000064d0       0xe0 D:/SwitchDevkit/libnx/lib\libnx.a(hid.o)
 .text._hidGetStates
                0x00000000000065b0      0x194 D:/SwitchDevkit/libnx/lib\libnx.a(hid.o)
 *fill*         0x0000000000006744        0xc 
 .text.hidInitialize
                0x0000000000006750      0x26c D:/SwitchDevkit/libnx/lib\libnx.a(hid.o)
                0x0000000000006750                hidInitialize
 *fill*         0x00000000000069bc        0x4 
 .text.hidExit  0x00000000000069c0       0x48 D:/SwitchDevkit/libnx/lib\libnx.a(hid.o)
                0x00000000000069c0                hidExit
 *fill*         0x0000000000006a08        0x8 
 .text.hidGetSharedmemAddr
                0x0000000000006a10        0xc D:/SwitchDevkit/libnx/lib\libnx.a(hid.o)
                0x0000000000006a10                hidGetSharedmemAddr
 *fill*         0x0000000000006a1c        0x4 
 .text.hidGetNpadStyleSet
                0x0000000000006a20       0x90 D:/SwitchDevkit/libnx/lib\libnx.a(hid.o)
                0x0000000000006a20                hidGetNpadStyleSet
 .text.hidInitializeNpad
                0x0000000000006ab0       0x84 D:/SwitchDevkit/libnx/lib\libnx.a(hid.o)
                0x0000000000006ab0                hidInitializeNpad
 *fill*         0x0000000000006b34        0xc 
 .text.hidGetNpadStatesFullKey
                0x0000000000006b40       0xa4 D:/SwitchDevkit/libnx/lib\libnx.a(hid.o)
                0x0000000000006b40                hidGetNpadStatesFullKey
 *fill*         0x0000000000006be4        0xc 
 .text.hidGetNpadStatesHandheld
                0x0000000000006bf0       0xa4 D:/SwitchDevkit/libnx/lib\libnx.a(hid.o)
                0x0000000000006bf0                hidGetNpadStatesHandheld
 *fill*         0x0000000000006c94        0xc 
 .text.hidGetNpadStatesJoyDual
                0x0000000000006ca0       0xa4 D:/SwitchDevkit/libnx/lib\libnx.a(hid.o)
                0x0000000000006ca0                hidGetNpadStatesJoyDual
 *fill*         0x0000000000006d44        0xc 
 .text.hidGetNpadStatesJoyLeft
                0x0000000000006d50       0xa4 D:/SwitchDevkit/libnx/lib\libnx.a(hid.o)
                0x0000000000006d50                hidGetNpadStatesJoyLeft
 *fill*         0x0000000000006df4        0xc 
 .text.hidGetNpadStatesJoyRight
                0x0000000000006e00       0xa4 D:/SwitchDevkit/libnx/lib\libnx.a(hid.o)
                0x0000000000006e00                hidGetNpadStatesJoyRight
 *fill*         0x0000000000006ea4        0xc 
 .text.hidGetNpadStatesGc
                0x0000000000006eb0      0x144 D:/SwitchDevkit/libnx/lib\libnx.a(hid.o)
                0x0000000000006eb0                hidGetNpadStatesGc
 *fill*         0x0000000000006ff4        0xc 
 .text.hidGetNpadStatesSystemExt
                0x0000000000007000       0xa8 D:/SwitchDevkit/libnx/lib\libnx.a(hid.o)
                0x0000000000007000                hidGetNpadStatesSystemExt
 *fill*         0x00000000000070a8        0x8 
 .text.hidSetSupportedNpadStyleSet
                0x00000000000070b0        0x8 D:/SwitchDevkit/libnx/lib\libnx.a(hid.o)
                0x00000000000070b0                hidSetSupportedNpadStyleSet
 *fill*         0x00000000000070b8        0x8 
 .text.hidSetSupportedNpadIdType
                0x00000000000070c0      0x100 D:/SwitchDevkit/libnx/lib\libnx.a(hid.o)
                0x00000000000070c0                hidSetSupportedNpadIdType
 .text.nwindowGetDefault
                0x00000000000071c0        0xc D:/SwitchDevkit/libnx/lib\libnx.a(default_window.o)
                0x00000000000071c0                nwindowGetDefault
 *fill*         0x00000000000071cc        0x4 
 .text.__nx_win_init
                0x00000000000071d0       0xa4 D:/SwitchDevkit/libnx/lib\libnx.a(default_window.o)
                0x00000000000071d0                __nx_win_init
 *fill*         0x0000000000007274        0xc 
 .text.__nx_win_exit
                0x0000000000007280       0x34 D:/SwitchDevkit/libnx/lib\libnx.a(default_window.o)
                0x0000000000007280                __nx_win_exit
 *fill*         0x00000000000072b4        0xc 
 .text.framebufferMakeLinear
                0x00000000000072c0       0x8c D:/SwitchDevkit/libnx/lib\libnx.a(framebuffer.o)
                0x00000000000072c0                framebufferMakeLinear
 *fill*         0x000000000000734c        0x4 
 .text.framebufferClose
                0x0000000000007350       0x84 D:/SwitchDevkit/libnx/lib\libnx.a(framebuffer.o)
                0x0000000000007350                framebufferClose
 *fill*         0x00000000000073d4        0xc 
 .text.framebufferCreate
                0x00000000000073e0      0x290 D:/SwitchDevkit/libnx/lib\libnx.a(framebuffer.o)
                0x00000000000073e0                framebufferCreate
 .text.framebufferBegin
                0x0000000000007670       0x7c D:/SwitchDevkit/libnx/lib\libnx.a(framebuffer.o)
                0x0000000000007670                framebufferBegin
 *fill*         0x00000000000076ec        0x4 
 .text.framebufferEnd
                0x00000000000076f0      0x198 D:/SwitchDevkit/libnx/lib\libnx.a(framebuffer.o)
                0x00000000000076f0                framebufferEnd
 *fill*         0x0000000000007888        0x8 
 .text.nwindowIsValid
                0x0000000000007890       0x24 D:/SwitchDevkit/libnx/lib\libnx.a(native_window.o)
                0x0000000000007890                nwindowIsValid
 *fill*         0x00000000000078b4        0xc 
 .text.nwindowClose
                0x00000000000078c0       0x7c D:/SwitchDevkit/libnx/lib\libnx.a(native_window.o)
                0x00000000000078c0                nwindowClose
 *fill*         0x000000000000793c        0x4 
 .text.nwindowCreate
                0x0000000000007940       0xf8 D:/SwitchDevkit/libnx/lib\libnx.a(native_window.o)
                0x0000000000007940                nwindowCreate
 *fill*         0x0000000000007a38        0x8 
 .text.nwindowCreateFromLayer
                0x0000000000007a40       0x38 D:/SwitchDevkit/libnx/lib\libnx.a(native_window.o)
                0x0000000000007a40                nwindowCreateFromLayer
 *fill*         0x0000000000007a78        0x8 
 .text.nwindowSetDimensions
                0x0000000000007a80       0x84 D:/SwitchDevkit/libnx/lib\libnx.a(native_window.o)
                0x0000000000007a80                nwindowSetDimensions
 *fill*         0x0000000000007b04        0xc 
 .text.nwindowConfigureBuffer
                0x0000000000007b10      0x180 D:/SwitchDevkit/libnx/lib\libnx.a(native_window.o)
                0x0000000000007b10                nwindowConfigureBuffer
 .text.nwindowDequeueBuffer
                0x0000000000007c90      0x1cc D:/SwitchDevkit/libnx/lib\libnx.a(native_window.o)
                0x0000000000007c90                nwindowDequeueBuffer
 *fill*         0x0000000000007e5c        0x4 
 .text.nwindowQueueBuffer
                0x0000000000007e60      0x12c D:/SwitchDevkit/libnx/lib\libnx.a(native_window.o)
                0x0000000000007e60                nwindowQueueBuffer
 *fill*         0x0000000000007f8c        0x4 
 .text.nwindowReleaseBuffers
                0x0000000000007f90       0xbc D:/SwitchDevkit/libnx/lib\libnx.a(native_window.o)
                0x0000000000007f90                nwindowReleaseBuffers
 *fill*         0x000000000000804c        0x4 
 .text.__libnx_alloc
                0x0000000000008050        0x4 D:/SwitchDevkit/libnx/lib\libnx.a(alloc.o)
                0x0000000000008050                __libnx_alloc
 *fill*         0x0000000000008054        0xc 
 .text.__libnx_aligned_alloc
                0x0000000000008060       0x14 D:/SwitchDevkit/libnx/lib\libnx.a(alloc.o)
                0x0000000000008060                __libnx_aligned_alloc
 *fill*         0x0000000000008074        0xc 
 .text.__libnx_free
                0x0000000000008080        0x4 D:/SwitchDevkit/libnx/lib\libnx.a(alloc.o)
                0x0000000000008080                __libnx_free
 *fill*         0x0000000000008084        0xc 
 .text.argvSetup
                0x0000000000008090      0x314 D:/SwitchDevkit/libnx/lib\libnx.a(argv.o)
                0x0000000000008090                argvSetup
 *fill*         0x00000000000083a4        0xc 
 .text.__nx_dynamic
                0x00000000000083b0      0x1fc D:/SwitchDevkit/libnx/lib\libnx.a(dynamic.o)
                0x00000000000083b0                __nx_dynamic
 *fill*         0x00000000000085ac        0x4 
 .text.__libnx_initheap
                0x00000000000085b0       0xd0 D:/SwitchDevkit/libnx/lib\libnx.a(init.o)
                0x00000000000085b0                __libnx_initheap
 .text.__appInit
                0x0000000000008680       0xec D:/SwitchDevkit/libnx/lib\libnx.a(init.o)
                0x0000000000008680                __appInit
 *fill*         0x000000000000876c        0x4 
 .text.__appExit
                0x0000000000008770       0x44 D:/SwitchDevkit/libnx/lib\libnx.a(init.o)
                0x0000000000008770                __appExit
 *fill*         0x00000000000087b4        0xc 
 .text.__libnx_init
                0x00000000000087c0       0x2c D:/SwitchDevkit/libnx/lib\libnx.a(init.o)
                0x00000000000087c0                __libnx_init
 *fill*         0x00000000000087ec        0x4 
 .text.__libnx_exit
                0x00000000000087f0       0x1c D:/SwitchDevkit/libnx/lib\libnx.a(init.o)
                0x00000000000087f0                __libnx_exit
 *fill*         0x000000000000880c        0x4 
 .text.__syscall_exit
                0x0000000000008810       0x1c D:/SwitchDevkit/libnx/lib\libnx.a(newlib.o)
                0x0000000000008810                __syscall_exit
 *fill*         0x000000000000882c        0x4 
 .text.__syscall_getreent
                0x0000000000008830       0x34 D:/SwitchDevkit/libnx/lib\libnx.a(newlib.o)
                0x0000000000008830                __syscall_getreent
 *fill*         0x0000000000008864        0xc 
 .text.__syscall_lock_acquire
                0x0000000000008870        0x4 D:/SwitchDevkit/libnx/lib\libnx.a(newlib.o)
                0x0000000000008870                __syscall_lock_acquire
 *fill*         0x0000000000008874        0xc 
 .text.__syscall_lock_release
                0x0000000000008880        0x4 D:/SwitchDevkit/libnx/lib\libnx.a(newlib.o)
                0x0000000000008880                __syscall_lock_release
 *fill*         0x0000000000008884        0xc 
 .text.__syscall_lock_acquire_recursive
                0x0000000000008890        0x4 D:/SwitchDevkit/libnx/lib\libnx.a(newlib.o)
                0x0000000000008890                __syscall_lock_acquire_recursive
 *fill*         0x0000000000008894        0xc 
 .text.__syscall_lock_release_recursive
                0x00000000000088a0        0x4 D:/SwitchDevkit/libnx/lib\libnx.a(newlib.o)
                0x00000000000088a0                __syscall_lock_release_recursive
 *fill*         0x00000000000088a4        0xc 
 .text.__libnx_init_time
                0x00000000000088b0      0x25c D:/SwitchDevkit/libnx/lib\libnx.a(newlib.o)
                0x00000000000088b0                __libnx_init_time
 *fill*         0x0000000000008b0c        0x4 
 .text.newlibSetup
                0x0000000000008b10       0x98 D:/SwitchDevkit/libnx/lib\libnx.a(newlib.o)
                0x0000000000008b10                newlibSetup
 *fill*         0x0000000000008ba8        0x8 
 .text.nxlinkSetup
                0x0000000000008bb0       0xe8 D:/SwitchDevkit/libnx/lib\libnx.a(nxlink.o)
                0x0000000000008bb0                nxlinkSetup
 *fill*         0x0000000000008c98        0x8 
 .text.fsdev_link
                0x0000000000008ca0       0x10 D:/SwitchDevkit/libnx/lib\libnx.a(fs_dev.o)
 .text.fsdev_dirreset
                0x0000000000008cb0       0x10 D:/SwitchDevkit/libnx/lib\libnx.a(fs_dev.o)
 .text.fsdev_chmod
                0x0000000000008cc0       0x10 D:/SwitchDevkit/libnx/lib\libnx.a(fs_dev.o)
 .text.error_cmp
                0x0000000000008cd0       0x18 D:/SwitchDevkit/libnx/lib\libnx.a(fs_dev.o)
 *fill*         0x0000000000008ce8        0x8 
 .text.fsdev_dirclose
                0x0000000000008cf0       0x20 D:/SwitchDevkit/libnx/lib\libnx.a(fs_dev.o)
 .text.fsdev_close
                0x0000000000008d10       0x1c D:/SwitchDevkit/libnx/lib\libnx.a(fs_dev.o)
 *fill*         0x0000000000008d2c        0x4 
 .text.fsdev_converttimetoutc
                0x0000000000008d30       0x74 D:/SwitchDevkit/libnx/lib\libnx.a(fs_dev.o)
 *fill*         0x0000000000008da4        0xc 
 .text.fsdevFindDevice.part.0
                0x0000000000008db0       0xf8 D:/SwitchDevkit/libnx/lib\libnx.a(fs_dev.o)
 *fill*         0x0000000000008ea8        0x8 
 .text.fsdev_fixpath
                0x0000000000008eb0      0x1cc D:/SwitchDevkit/libnx/lib\libnx.a(fs_dev.o)
 *fill*         0x000000000000907c        0x4 
 .text._fsdevUnmountDeviceStruct.part.0
                0x0000000000009080       0x9c D:/SwitchDevkit/libnx/lib\libnx.a(fs_dev.o)
 *fill*         0x000000000000911c        0x4 
 .text.fsdev_fchmod
                0x0000000000009120       0x10 D:/SwitchDevkit/libnx/lib\libnx.a(fs_dev.o)
 .text.fsdev_diropen
                0x0000000000009130      0x100 D:/SwitchDevkit/libnx/lib\libnx.a(fs_dev.o)
 .text.fsdev_statvfs
                0x0000000000009230       0xf8 D:/SwitchDevkit/libnx/lib\libnx.a(fs_dev.o)
 *fill*         0x0000000000009328        0x8 
 .text.fsdev_fsync
                0x0000000000009330       0x7c D:/SwitchDevkit/libnx/lib\libnx.a(fs_dev.o)
 *fill*         0x00000000000093ac        0x4 
 .text.fsdev_fstat
                0x00000000000093b0       0xec D:/SwitchDevkit/libnx/lib\libnx.a(fs_dev.o)
 *fill*         0x000000000000949c        0x4 
 .text.fsdev_ftruncate
                0x00000000000094a0       0x94 D:/SwitchDevkit/libnx/lib\libnx.a(fs_dev.o)
 *fill*         0x0000000000009534        0xc 
 .text.fsdev_stat
                0x0000000000009540      0x1d8 D:/SwitchDevkit/libnx/lib\libnx.a(fs_dev.o)
 *fill*         0x0000000000009718        0x8 
 .text.fsdev_rename
                0x0000000000009720      0x14c D:/SwitchDevkit/libnx/lib\libnx.a(fs_dev.o)
 *fill*         0x000000000000986c        0x4 
 .text.fsdev_chdir
                0x0000000000009870      0x13c D:/SwitchDevkit/libnx/lib\libnx.a(fs_dev.o)
 *fill*         0x00000000000099ac        0x4 
 .text.fsdev_rmdir
                0x00000000000099b0       0xa4 D:/SwitchDevkit/libnx/lib\libnx.a(fs_dev.o)
 *fill*         0x0000000000009a54        0xc 
 .text.fsdev_mkdir
                0x0000000000009a60       0xa4 D:/SwitchDevkit/libnx/lib\libnx.a(fs_dev.o)
 *fill*         0x0000000000009b04        0xc 
 .text.fsdev_unlink
                0x0000000000009b10       0xa4 D:/SwitchDevkit/libnx/lib\libnx.a(fs_dev.o)
 *fill*         0x0000000000009bb4        0xc 
 .text.fsdev_write_safe
                0x0000000000009bc0      0x13c D:/SwitchDevkit/libnx/lib\libnx.a(fs_dev.o)
 *fill*         0x0000000000009cfc        0x4 
 .text.fsdev_read_safe
                0x0000000000009d00      0x134 D:/SwitchDevkit/libnx/lib\libnx.a(fs_dev.o)
 *fill*         0x0000000000009e34        0xc 
 .text.fsdev_read
                0x0000000000009e40      0x100 D:/SwitchDevkit/libnx/lib\libnx.a(fs_dev.o)
 .text.fsdev_dirnext
                0x0000000000009f40      0x1d4 D:/SwitchDevkit/libnx/lib\libnx.a(fs_dev.o)
 *fill*         0x000000000000a114        0xc 
 .text.fsdev_write
                0x000000000000a120      0x124 D:/SwitchDevkit/libnx/lib\libnx.a(fs_dev.o)
 *fill*         0x000000000000a244        0xc 
 .text.fsdev_seek
                0x000000000000a250      0x110 D:/SwitchDevkit/libnx/lib\libnx.a(fs_dev.o)
 .text.fsdev_open
                0x000000000000a360      0x230 D:/SwitchDevkit/libnx/lib\libnx.a(fs_dev.o)
 .text.fsdevMountDevice
                0x000000000000a590      0x324 D:/SwitchDevkit/libnx/lib\libnx.a(fs_dev.o)
                0x000000000000a590                fsdevMountDevice
 *fill*         0x000000000000a8b4        0xc 
 .text.fsdevMountSdmc
                0x000000000000a8c0       0x40 D:/SwitchDevkit/libnx/lib\libnx.a(fs_dev.o)
                0x000000000000a8c0                fsdevMountSdmc
 .text.__libnx_init_cwd
                0x000000000000a900       0xbc D:/SwitchDevkit/libnx/lib\libnx.a(fs_dev.o)
                0x000000000000a900                __libnx_init_cwd
 *fill*         0x000000000000a9bc        0x4 
 .text.fsdevUnmountAll
                0x000000000000a9c0       0x64 D:/SwitchDevkit/libnx/lib\libnx.a(fs_dev.o)
                0x000000000000a9c0                fsdevUnmountAll
 *fill*         0x000000000000aa24        0xc 
 .text.decode_utf8
                0x000000000000aa30      0x128 D:/SwitchDevkit/libnx/lib\libnx.a(decode_utf8.o)
                0x000000000000aa30                decode_utf8
 .text.armDCacheFlush
                0x000000000000ab58       0x4c D:/SwitchDevkit/libnx/lib\libnx.a(cache.o)
                0x000000000000ab58                armDCacheFlush
 .text.__libnx_exception_entry
                0x000000000000aba4      0x1c0 D:/SwitchDevkit/libnx/lib\libnx.a(exception.o)
                0x000000000000aba4                __libnx_exception_entry
 .text.__libnx_exception_returnentry
                0x000000000000ad64       0x18 D:/SwitchDevkit/libnx/lib\libnx.a(exception.o)
                0x000000000000ad64                __libnx_exception_returnentry
 .text.__aarch64_read_tp
                0x000000000000ad7c        0xc D:/SwitchDevkit/libnx/lib\libnx.a(readtp.o)
                0x000000000000ad7c                __aarch64_read_tp
 *fill*         0x000000000000ad88        0x8 
 .text.condvarWaitTimeout
                0x000000000000ad90       0x70 D:/SwitchDevkit/libnx/lib\libnx.a(condvar.o)
                0x000000000000ad90                condvarWaitTimeout
 .text.randomGet
                0x000000000000ae00      0x410 D:/SwitchDevkit/libnx/lib\libnx.a(random.o)
                0x000000000000ae00                randomGet
 .text.randomGet64
                0x000000000000b210       0x20 D:/SwitchDevkit/libnx/lib\libnx.a(random.o)
                0x000000000000b210                randomGet64
 .text.shmemLoadRemote
                0x000000000000b230       0x14 D:/SwitchDevkit/libnx/lib\libnx.a(shmem.o)
                0x000000000000b230                shmemLoadRemote
 *fill*         0x000000000000b244        0xc 
 .text.shmemMap
                0x000000000000b250       0x70 D:/SwitchDevkit/libnx/lib\libnx.a(shmem.o)
                0x000000000000b250                shmemMap
 .text.shmemUnmap
                0x000000000000b2c0       0x34 D:/SwitchDevkit/libnx/lib\libnx.a(shmem.o)
                0x000000000000b2c0                shmemUnmap
 *fill*         0x000000000000b2f4        0xc 
 .text.shmemClose
                0x000000000000b300       0x4c D:/SwitchDevkit/libnx/lib\libnx.a(shmem.o)
                0x000000000000b300                shmemClose
 *fill*         0x000000000000b34c        0x4 
 .text.__libnx_init_thread
                0x000000000000b350       0xb0 D:/SwitchDevkit/libnx/lib\libnx.a(thread.o)
                0x000000000000b350                __libnx_init_thread
 .text._fsCleanup
                0x000000000000b400       0xb4 D:/SwitchDevkit/libnx/lib\libnx.a(fs.o)
 *fill*         0x000000000000b4b4        0xc 
 .text._fsCmdNoIO
                0x000000000000b4c0      0x1c0 D:/SwitchDevkit/libnx/lib\libnx.a(fs.o)
 .text._fsFsCmdWithInPath
                0x000000000000b680      0x1e0 D:/SwitchDevkit/libnx/lib\libnx.a(fs.o)
 .text._fsFsCmdWithTwoInPaths
                0x000000000000b860      0x1f8 D:/SwitchDevkit/libnx/lib\libnx.a(fs.o)
 *fill*         0x000000000000ba58        0x8 
 .text._fsFsOpenCommon
                0x000000000000ba60      0x28c D:/SwitchDevkit/libnx/lib\libnx.a(fs.o)
 *fill*         0x000000000000bcec        0x4 
 .text._fsFsCmdWithInPathAndOutU64
                0x000000000000bcf0      0x1fc D:/SwitchDevkit/libnx/lib\libnx.a(fs.o)
 *fill*         0x000000000000beec        0x4 
 .text._fsObjectClose
                0x000000000000bef0       0xf8 D:/SwitchDevkit/libnx/lib\libnx.a(fs.o)
 *fill*         0x000000000000bfe8        0x8 
 .text._fsCmdGetSession.constprop.0
                0x000000000000bff0      0x17c D:/SwitchDevkit/libnx/lib\libnx.a(fs.o)
 *fill*         0x000000000000c16c        0x4 
 .text.fsInitialize
                0x000000000000c170      0x2f8 D:/SwitchDevkit/libnx/lib\libnx.a(fs.o)
                0x000000000000c170                fsInitialize
 *fill*         0x000000000000c468        0x8 
 .text.fsExit   0x000000000000c470       0x48 D:/SwitchDevkit/libnx/lib\libnx.a(fs.o)
                0x000000000000c470                fsExit
 *fill*         0x000000000000c4b8        0x8 
 .text.fsOpenSdCardFileSystem
                0x000000000000c4c0        0x8 D:/SwitchDevkit/libnx/lib\libnx.a(fs.o)
                0x000000000000c4c0                fsOpenSdCardFileSystem
 *fill*         0x000000000000c4c8        0x8 
 .text.fsFsCreateFile
                0x000000000000c4d0      0x1ec D:/SwitchDevkit/libnx/lib\libnx.a(fs.o)
                0x000000000000c4d0                fsFsCreateFile
 *fill*         0x000000000000c6bc        0x4 
 .text.fsFsDeleteFile
                0x000000000000c6c0        0x8 D:/SwitchDevkit/libnx/lib\libnx.a(fs.o)
                0x000000000000c6c0                fsFsDeleteFile
 *fill*         0x000000000000c6c8        0x8 
 .text.fsFsCreateDirectory
                0x000000000000c6d0        0x8 D:/SwitchDevkit/libnx/lib\libnx.a(fs.o)
                0x000000000000c6d0                fsFsCreateDirectory
 *fill*         0x000000000000c6d8        0x8 
 .text.fsFsDeleteDirectory
                0x000000000000c6e0        0x8 D:/SwitchDevkit/libnx/lib\libnx.a(fs.o)
                0x000000000000c6e0                fsFsDeleteDirectory
 *fill*         0x000000000000c6e8        0x8 
 .text.fsFsRenameFile
                0x000000000000c6f0        0x8 D:/SwitchDevkit/libnx/lib\libnx.a(fs.o)
                0x000000000000c6f0                fsFsRenameFile
 *fill*         0x000000000000c6f8        0x8 
 .text.fsFsRenameDirectory
                0x000000000000c700        0x8 D:/SwitchDevkit/libnx/lib\libnx.a(fs.o)
                0x000000000000c700                fsFsRenameDirectory
 *fill*         0x000000000000c708        0x8 
 .text.fsFsGetEntryType
                0x000000000000c710      0x1f0 D:/SwitchDevkit/libnx/lib\libnx.a(fs.o)
                0x000000000000c710                fsFsGetEntryType
 .text.fsFsOpenFile
                0x000000000000c900        0x8 D:/SwitchDevkit/libnx/lib\libnx.a(fs.o)
                0x000000000000c900                fsFsOpenFile
 *fill*         0x000000000000c908        0x8 
 .text.fsFsOpenDirectory
                0x000000000000c910        0x8 D:/SwitchDevkit/libnx/lib\libnx.a(fs.o)
                0x000000000000c910                fsFsOpenDirectory
 *fill*         0x000000000000c918        0x8 
 .text.fsFsGetFreeSpace
                0x000000000000c920        0x8 D:/SwitchDevkit/libnx/lib\libnx.a(fs.o)
                0x000000000000c920                fsFsGetFreeSpace
 *fill*         0x000000000000c928        0x8 
 .text.fsFsGetTotalSpace
                0x000000000000c930        0x8 D:/SwitchDevkit/libnx/lib\libnx.a(fs.o)
                0x000000000000c930                fsFsGetTotalSpace
 *fill*         0x000000000000c938        0x8 
 .text.fsFsGetFileTimeStampRaw
                0x000000000000c940      0x230 D:/SwitchDevkit/libnx/lib\libnx.a(fs.o)
                0x000000000000c940                fsFsGetFileTimeStampRaw
 .text.fsFsClose
                0x000000000000cb70        0x4 D:/SwitchDevkit/libnx/lib\libnx.a(fs.o)
                0x000000000000cb70                fsFsClose
 *fill*         0x000000000000cb74        0xc 
 .text.fsFileRead
                0x000000000000cb80      0x214 D:/SwitchDevkit/libnx/lib\libnx.a(fs.o)
                0x000000000000cb80                fsFileRead
 *fill*         0x000000000000cd94        0xc 
 .text.fsFileWrite
                0x000000000000cda0      0x1f8 D:/SwitchDevkit/libnx/lib\libnx.a(fs.o)
                0x000000000000cda0                fsFileWrite
 *fill*         0x000000000000cf98        0x8 
 .text.fsFileFlush
                0x000000000000cfa0        0x8 D:/SwitchDevkit/libnx/lib\libnx.a(fs.o)
                0x000000000000cfa0                fsFileFlush
 *fill*         0x000000000000cfa8        0x8 
 .text.fsFileSetSize
                0x000000000000cfb0      0x1c0 D:/SwitchDevkit/libnx/lib\libnx.a(fs.o)
                0x000000000000cfb0                fsFileSetSize
 .text.fsFileGetSize
                0x000000000000d170      0x1d4 D:/SwitchDevkit/libnx/lib\libnx.a(fs.o)
                0x000000000000d170                fsFileGetSize
 *fill*         0x000000000000d344        0xc 
 .text.fsFileClose
                0x000000000000d350        0x4 D:/SwitchDevkit/libnx/lib\libnx.a(fs.o)
                0x000000000000d350                fsFileClose
 *fill*         0x000000000000d354        0xc 
 .text.fsDirClose
                0x000000000000d360        0x4 D:/SwitchDevkit/libnx/lib\libnx.a(fs.o)
                0x000000000000d360                fsDirClose
 *fill*         0x000000000000d364        0xc 
 .text.fsDirRead
                0x000000000000d370      0x204 D:/SwitchDevkit/libnx/lib\libnx.a(fs.o)
                0x000000000000d370                fsDirRead
 *fill*         0x000000000000d574        0xc 
 .text._nvCleanup
                0x000000000000d580       0xd0 D:/SwitchDevkit/libnx/lib\libnx.a(nv.o)
 .text._nvCmdInitialize.constprop.0
                0x000000000000d650       0xd4 D:/SwitchDevkit/libnx/lib\libnx.a(nv.o)
 *fill*         0x000000000000d724        0xc 
 .text.__nx_nv_create_tmem
                0x000000000000d730       0x18 D:/SwitchDevkit/libnx/lib\libnx.a(nv.o)
                0x000000000000d730                __nx_nv_create_tmem
 *fill*         0x000000000000d748        0x8 
 .text.nvInitialize
                0x000000000000d750      0x3a8 D:/SwitchDevkit/libnx/lib\libnx.a(nv.o)
                0x000000000000d750                nvInitialize
 *fill*         0x000000000000daf8        0x8 
 .text.nvExit   0x000000000000db00       0x48 D:/SwitchDevkit/libnx/lib\libnx.a(nv.o)
                0x000000000000db00                nvExit
 *fill*         0x000000000000db48        0x8 
 .text.nvConvertError
                0x000000000000db50       0xf4 D:/SwitchDevkit/libnx/lib\libnx.a(nv.o)
                0x000000000000db50                nvConvertError
 *fill*         0x000000000000dc44        0xc 
 .text.nvOpen   0x000000000000dc50      0x114 D:/SwitchDevkit/libnx/lib\libnx.a(nv.o)
                0x000000000000dc50                nvOpen
 *fill*         0x000000000000dd64        0xc 
 .text.nvIoctl  0x000000000000dd70      0x310 D:/SwitchDevkit/libnx/lib\libnx.a(nv.o)
                0x000000000000dd70                nvIoctl
 .text.nvClose  0x000000000000e080       0xd4 D:/SwitchDevkit/libnx/lib\libnx.a(nv.o)
                0x000000000000e080                nvClose
 *fill*         0x000000000000e154        0xc 
 .text.nvQueryEvent
                0x000000000000e160      0x10c D:/SwitchDevkit/libnx/lib\libnx.a(nv.o)
                0x000000000000e160                nvQueryEvent
 *fill*         0x000000000000e26c        0x4 
 .text._setsysGetFirmwareVersionImpl
                0x000000000000e270       0xd0 D:/SwitchDevkit/libnx/lib\libnx.a(set.o)
 .text._setsysCleanup
                0x000000000000e340       0x78 D:/SwitchDevkit/libnx/lib\libnx.a(set.o)
 *fill*         0x000000000000e3b8        0x8 
 .text.setsysInitialize
                0x000000000000e3c0       0xa0 D:/SwitchDevkit/libnx/lib\libnx.a(set.o)
                0x000000000000e3c0                setsysInitialize
 .text.setsysExit
                0x000000000000e460       0x48 D:/SwitchDevkit/libnx/lib\libnx.a(set.o)
                0x000000000000e460                setsysExit
 *fill*         0x000000000000e4a8        0x8 
 .text.setsysGetFirmwareVersion
                0x000000000000e4b0       0x48 D:/SwitchDevkit/libnx/lib\libnx.a(set.o)
                0x000000000000e4b0                setsysGetFirmwareVersion
 *fill*         0x000000000000e4f8        0x8 
 .text._timeCleanup
                0x000000000000e500      0x27c D:/SwitchDevkit/libnx/lib\libnx.a(time.o)
 *fill*         0x000000000000e77c        0x4 
 .text._timeCmdGetSession.constprop.0
                0x000000000000e780      0x100 D:/SwitchDevkit/libnx/lib\libnx.a(time.o)
 .text._timeReadClockFromSharedMem
                0x000000000000e880      0x104 D:/SwitchDevkit/libnx/lib\libnx.a(time.o)
 *fill*         0x000000000000e984        0xc 
 .text.timeInitialize
                0x000000000000e990      0x300 D:/SwitchDevkit/libnx/lib\libnx.a(time.o)
                0x000000000000e990                timeInitialize
 .text.timeExit
                0x000000000000ec90       0x48 D:/SwitchDevkit/libnx/lib\libnx.a(time.o)
                0x000000000000ec90                timeExit
 *fill*         0x000000000000ecd8        0x8 
 .text.timeGetServiceSession_SystemClock
                0x000000000000ece0       0x38 D:/SwitchDevkit/libnx/lib\libnx.a(time.o)
                0x000000000000ece0                timeGetServiceSession_SystemClock
 *fill*         0x000000000000ed18        0x8 
 .text.timeGetCurrentTime
                0x000000000000ed20       0xfc D:/SwitchDevkit/libnx/lib\libnx.a(time.o)
                0x000000000000ed20                timeGetCurrentTime
 *fill*         0x000000000000ee1c        0x4 
 .text.timeToCalendarTimeWithMyRule
                0x000000000000ee20      0x108 D:/SwitchDevkit/libnx/lib\libnx.a(time.o)
                0x000000000000ee20                timeToCalendarTimeWithMyRule
 *fill*         0x000000000000ef28        0x8 
 .text.timeToPosixTimeWithMyRule
                0x000000000000ef30      0x114 D:/SwitchDevkit/libnx/lib\libnx.a(time.o)
                0x000000000000ef30                timeToPosixTimeWithMyRule
 *fill*         0x000000000000f044        0xc 
 .text._viCleanup
                0x000000000000f050      0x230 D:/SwitchDevkit/libnx/lib\libnx.a(vi.o)
 .text._viCmdGetSessionNoParams.constprop.0
                0x000000000000f280      0x100 D:/SwitchDevkit/libnx/lib\libnx.a(vi.o)
 .text.viInitialize
                0x000000000000f380      0x368 D:/SwitchDevkit/libnx/lib\libnx.a(vi.o)
                0x000000000000f380                viInitialize
 *fill*         0x000000000000f6e8        0x8 
 .text.viExit   0x000000000000f6f0       0x48 D:/SwitchDevkit/libnx/lib\libnx.a(vi.o)
                0x000000000000f6f0                viExit
 *fill*         0x000000000000f738        0x8 
 .text.viGetSession_IHOSBinderDriverRelay
                0x000000000000f740        0xc D:/SwitchDevkit/libnx/lib\libnx.a(vi.o)
                0x000000000000f740                viGetSession_IHOSBinderDriverRelay
 *fill*         0x000000000000f74c        0x4 
 .text.viOpenDisplay
                0x000000000000f750      0x10c D:/SwitchDevkit/libnx/lib\libnx.a(vi.o)
                0x000000000000f750                viOpenDisplay
 *fill*         0x000000000000f85c        0x4 
 .text.viCloseDisplay
                0x000000000000f860       0xec D:/SwitchDevkit/libnx/lib\libnx.a(vi.o)
                0x000000000000f860                viCloseDisplay
 *fill*         0x000000000000f94c        0x4 
 .text.viCloseLayer
                0x000000000000f950       0xf4 D:/SwitchDevkit/libnx/lib\libnx.a(vi.o)
                0x000000000000f950                viCloseLayer
 *fill*         0x000000000000fa44        0xc 
 .text.viCreateLayer
                0x000000000000fa50      0x394 D:/SwitchDevkit/libnx/lib\libnx.a(vi.o)
                0x000000000000fa50                viCreateLayer
 *fill*         0x000000000000fde4        0xc 
 .text.viSetLayerScalingMode
                0x000000000000fdf0       0xd8 D:/SwitchDevkit/libnx/lib\libnx.a(vi.o)
                0x000000000000fdf0                viSetLayerScalingMode
 *fill*         0x000000000000fec8        0x8 
 .text._nvFenceCleanup
                0x000000000000fed0       0x74 D:/SwitchDevkit/libnx/lib\libnx.a(fence.o)
 *fill*         0x000000000000ff44        0xc 
 .text.nvFenceInit
                0x000000000000ff50       0x98 D:/SwitchDevkit/libnx/lib\libnx.a(fence.o)
                0x000000000000ff50                nvFenceInit
 *fill*         0x000000000000ffe8        0x8 
 .text.nvFenceExit
                0x000000000000fff0       0x48 D:/SwitchDevkit/libnx/lib\libnx.a(fence.o)
                0x000000000000fff0                nvFenceExit
 *fill*         0x0000000000010038        0x8 
 .text.nvFenceWait
                0x0000000000010040      0x290 D:/SwitchDevkit/libnx/lib\libnx.a(fence.o)
                0x0000000000010040                nvFenceWait
 .text.nvMultiFenceWait
                0x00000000000102d0       0x7c D:/SwitchDevkit/libnx/lib\libnx.a(fence.o)
                0x00000000000102d0                nvMultiFenceWait
 *fill*         0x000000000001034c        0x4 
 .text.nvMapInit
                0x0000000000010350       0xac D:/SwitchDevkit/libnx/lib\libnx.a(map.o)
                0x0000000000010350                nvMapInit
 *fill*         0x00000000000103fc        0x4 
 .text.nvMapExit
                0x0000000000010400       0x74 D:/SwitchDevkit/libnx/lib\libnx.a(map.o)
                0x0000000000010400                nvMapExit
 *fill*         0x0000000000010474        0xc 
 .text.nvMapClose
                0x0000000000010480       0x8c D:/SwitchDevkit/libnx/lib\libnx.a(map.o)
                0x0000000000010480                nvMapClose
 *fill*         0x000000000001050c        0x4 
 .text.nvMapCreate
                0x0000000000010510      0x160 D:/SwitchDevkit/libnx/lib\libnx.a(map.o)
                0x0000000000010510                nvMapCreate
 .text.nvioctlNvhostCtrl_EventSignal
                0x0000000000010670       0x24 D:/SwitchDevkit/libnx/lib\libnx.a(nvhost-ctrl.o)
                0x0000000000010670                nvioctlNvhostCtrl_EventSignal
 *fill*         0x0000000000010694        0xc 
 .text.nvioctlNvhostCtrl_EventWait
                0x00000000000106a0       0x3c D:/SwitchDevkit/libnx/lib\libnx.a(nvhost-ctrl.o)
                0x00000000000106a0                nvioctlNvhostCtrl_EventWait
 *fill*         0x00000000000106dc        0x4 
 .text.nvioctlNvhostCtrl_EventWaitAsync
                0x00000000000106e0       0x28 D:/SwitchDevkit/libnx/lib\libnx.a(nvhost-ctrl.o)
                0x00000000000106e0                nvioctlNvhostCtrl_EventWaitAsync
 *fill*         0x0000000000010708        0x8 
 .text.nvioctlNvhostCtrl_EventRegister
                0x0000000000010710       0x24 D:/SwitchDevkit/libnx/lib\libnx.a(nvhost-ctrl.o)
                0x0000000000010710                nvioctlNvhostCtrl_EventRegister
 *fill*         0x0000000000010734        0xc 
 .text.nvioctlNvhostCtrl_EventUnregister
                0x0000000000010740       0x24 D:/SwitchDevkit/libnx/lib\libnx.a(nvhost-ctrl.o)
                0x0000000000010740                nvioctlNvhostCtrl_EventUnregister
 *fill*         0x0000000000010764        0xc 
 .text.nvioctlNvmap_Create
                0x0000000000010770       0x3c D:/SwitchDevkit/libnx/lib\libnx.a(nvmap.o)
                0x0000000000010770                nvioctlNvmap_Create
 *fill*         0x00000000000107ac        0x4 
 .text.nvioctlNvmap_Alloc
                0x00000000000107b0       0x30 D:/SwitchDevkit/libnx/lib\libnx.a(nvmap.o)
                0x00000000000107b0                nvioctlNvmap_Alloc
 .text.nvioctlNvmap_Free
                0x00000000000107e0       0x30 D:/SwitchDevkit/libnx/lib\libnx.a(nvmap.o)
                0x00000000000107e0                nvioctlNvmap_Free
 .text.nvioctlNvmap_GetId
                0x0000000000010810       0x3c D:/SwitchDevkit/libnx/lib\libnx.a(nvmap.o)
                0x0000000000010810                nvioctlNvmap_GetId
 *fill*         0x000000000001084c        0x4 
 .text.binderCreate
                0x0000000000010850       0x1c D:/SwitchDevkit/libnx/lib\libnx.a(binder.o)
                0x0000000000010850                binderCreate
 *fill*         0x000000000001086c        0x4 
 .text.binderTransactParcel
                0x0000000000010870      0x35c D:/SwitchDevkit/libnx/lib\libnx.a(binder.o)
                0x0000000000010870                binderTransactParcel
 *fill*         0x0000000000010bcc        0x4 
 .text.binderConvertErrorCode
                0x0000000000010bd0       0xe8 D:/SwitchDevkit/libnx/lib\libnx.a(binder.o)
                0x0000000000010bd0                binderConvertErrorCode
 *fill*         0x0000000000010cb8        0x8 
 .text.binderAdjustRefcount
                0x0000000000010cc0      0x124 D:/SwitchDevkit/libnx/lib\libnx.a(binder.o)
                0x0000000000010cc0                binderAdjustRefcount
 *fill*         0x0000000000010de4        0xc 
 .text.binderInitSession
                0x0000000000010df0       0x9c D:/SwitchDevkit/libnx/lib\libnx.a(binder.o)
                0x0000000000010df0                binderInitSession
 *fill*         0x0000000000010e8c        0x4 
 .text.binderClose
                0x0000000000010e90       0x5c D:/SwitchDevkit/libnx/lib\libnx.a(binder.o)
                0x0000000000010e90                binderClose
 *fill*         0x0000000000010eec        0x4 
 .text.binderGetNativeHandle
                0x0000000000010ef0      0x154 D:/SwitchDevkit/libnx/lib\libnx.a(binder.o)
                0x0000000000010ef0                binderGetNativeHandle
 *fill*         0x0000000000011044        0xc 
 .text.bqRequestBuffer
                0x0000000000011050       0xc8 D:/SwitchDevkit/libnx/lib\libnx.a(buffer_producer.o)
                0x0000000000011050                bqRequestBuffer
 *fill*         0x0000000000011118        0x8 
 .text.bqDequeueBuffer
                0x0000000000011120      0x128 D:/SwitchDevkit/libnx/lib\libnx.a(buffer_producer.o)
                0x0000000000011120                bqDequeueBuffer
 *fill*         0x0000000000011248        0x8 
 .text.bqQueueBuffer
                0x0000000000011250       0xc8 D:/SwitchDevkit/libnx/lib\libnx.a(buffer_producer.o)
                0x0000000000011250                bqQueueBuffer
 *fill*         0x0000000000011318        0x8 
 .text.bqCancelBuffer
                0x0000000000011320       0x84 D:/SwitchDevkit/libnx/lib\libnx.a(buffer_producer.o)
                0x0000000000011320                bqCancelBuffer
 *fill*         0x00000000000113a4        0xc 
 .text.bqConnect
                0x00000000000113b0       0xd0 D:/SwitchDevkit/libnx/lib\libnx.a(buffer_producer.o)
                0x00000000000113b0                bqConnect
 .text.bqDisconnect
                0x0000000000011480       0x88 D:/SwitchDevkit/libnx/lib\libnx.a(buffer_producer.o)
                0x0000000000011480                bqDisconnect
 *fill*         0x0000000000011508        0x8 
 .text.bqSetPreallocatedBuffer
                0x0000000000011510      0x194 D:/SwitchDevkit/libnx/lib\libnx.a(buffer_producer.o)
                0x0000000000011510                bqSetPreallocatedBuffer
 *fill*         0x00000000000116a4        0xc 
 .text.parcelCreate
                0x00000000000116b0       0x30 D:/SwitchDevkit/libnx/lib\libnx.a(parcel.o)
                0x00000000000116b0                parcelCreate
 .text.parcelTransact
                0x00000000000116e0      0x174 D:/SwitchDevkit/libnx/lib\libnx.a(parcel.o)
                0x00000000000116e0                parcelTransact
 *fill*         0x0000000000011854        0xc 
 .text.parcelWriteData
                0x0000000000011860       0x80 D:/SwitchDevkit/libnx/lib\libnx.a(parcel.o)
                0x0000000000011860                parcelWriteData
 .text.parcelReadData
                0x00000000000118e0       0x88 D:/SwitchDevkit/libnx/lib\libnx.a(parcel.o)
                0x00000000000118e0                parcelReadData
 *fill*         0x0000000000011968        0x8 
 .text.parcelWriteInt32
                0x0000000000011970       0x20 D:/SwitchDevkit/libnx/lib\libnx.a(parcel.o)
                0x0000000000011970                parcelWriteInt32
 .text.parcelWriteUInt32
                0x0000000000011990       0x20 D:/SwitchDevkit/libnx/lib\libnx.a(parcel.o)
                0x0000000000011990                parcelWriteUInt32
 .text.parcelWriteString16
                0x00000000000119b0       0x7c D:/SwitchDevkit/libnx/lib\libnx.a(parcel.o)
                0x00000000000119b0                parcelWriteString16
 *fill*         0x0000000000011a2c        0x4 
 .text.parcelWriteInterfaceToken
                0x0000000000011a30       0x30 D:/SwitchDevkit/libnx/lib\libnx.a(parcel.o)
                0x0000000000011a30                parcelWriteInterfaceToken
 .text.parcelReadInt32
                0x0000000000011a60       0x24 D:/SwitchDevkit/libnx/lib\libnx.a(parcel.o)
                0x0000000000011a60                parcelReadInt32
 *fill*         0x0000000000011a84        0xc 
 .text.parcelReadFlattenedObject
                0x0000000000011a90       0x68 D:/SwitchDevkit/libnx/lib\libnx.a(parcel.o)
                0x0000000000011a90                parcelReadFlattenedObject
 *fill*         0x0000000000011af8        0x8 
 .text.parcelWriteFlattenedObject
                0x0000000000011b00       0x44 D:/SwitchDevkit/libnx/lib\libnx.a(parcel.o)
                0x0000000000011b00                parcelWriteFlattenedObject
 *fill*         0x0000000000011b44        0xc 
 .text.sessionmgrCreate
                0x0000000000011b50      0x184 D:/SwitchDevkit/libnx/lib\libnx.a(sessionmgr.o)
                0x0000000000011b50                sessionmgrCreate
 *fill*         0x0000000000011cd4        0xc 
 .text.sessionmgrClose
                0x0000000000011ce0       0x84 D:/SwitchDevkit/libnx/lib\libnx.a(sessionmgr.o)
                0x0000000000011ce0                sessionmgrClose
 *fill*         0x0000000000011d64        0xc 
 .text.sessionmgrAttachClient
                0x0000000000011d70       0xa8 D:/SwitchDevkit/libnx/lib\libnx.a(sessionmgr.o)
                0x0000000000011d70                sessionmgrAttachClient
 *fill*         0x0000000000011e18        0x8 
 .text.sessionmgrDetachClient
                0x0000000000011e20       0x60 D:/SwitchDevkit/libnx/lib\libnx.a(sessionmgr.o)
                0x0000000000011e20                sessionmgrDetachClient
 .text.strncat  0x0000000000011e80       0xc4 D:/SwitchDevkit/devkitA64/bin/../lib/gcc/aarch64-none-elf/15.2.0/../../../../aarch64-none-elf/lib/pic\libg.a(libc_a-strncat.o)
                0x0000000000011e80                strncat
 *fill*         0x0000000000011f44       0x3c 
 .text          0x0000000000011f80       0xb8 D:/SwitchDevkit/devkitA64/bin/../lib/gcc/aarch64-none-elf/15.2.0/../../../../aarch64-none-elf/lib/pic\libg.a(libc_a-strnlen.o)
                0x0000000000011f80                strnlen
 *fill*         0x0000000000012038        0x8 
 .text.bsearch  0x0000000000012040       0xb4 D:/SwitchDevkit/devkitA64/bin/../lib/gcc/aarch64-none-elf/15.2.0/../../../../aarch64-none-elf/lib/pic\libg.a(libc_a-bsearch.o)
                0x0000000000012040                bsearch
 *fill*         0x00000000000120f4        0xc 
 .text          0x0000000000012100      0x22c D:/SwitchDevkit/devkitA64/bin/../lib/gcc/aarch64-none-elf/15.2.0/../../../../aarch64-none-elf/lib/pic\libg.a(libc_a-memcpy.o)
                0x0000000000012100                memcpy
                0x0000000000012100                memmove
 *fill*         0x000000000001232c       0x14 
 .text.gmtime   0x0000000000012340       0x28 D:/SwitchDevkit/devkitA64/bin/../lib/gcc/aarch64-none-elf/15.2.0/../../../../aarch64-none-elf/lib/pic\libg.a(libc_a-gmtime.o)
                0x0000000000012340                gmtime
 *fill*         0x0000000000012368       0x18 
 .text          0x0000000000012380      0x104 D:/SwitchDevkit/devkitA64/bin/../lib/gcc/aarch64-none-elf/15.2.0/../../../../aarch64-none-elf/lib/pic\libg.a(libc_a-memset.o)
                0x0000000000012380                memset
 *fill*         0x0000000000012484       0x1c 
 .text._strtoul_l.isra.0
                0x00000000000124a0      0x1a4 D:/SwitchDevkit/devkitA64/bin/../lib/gcc/aarch64-none-elf/15.2.0/../../../../aarch64-none-elf/lib/pic\libg.a(libc_a-strtoul.o)
 *fill*         0x0000000000012644       0x1c 
 .text.strtoul  0x0000000000012660       0x40 D:/SwitchDevkit/devkitA64/bin/../lib/gcc/aarch64-none-elf/15.2.0/../../../../aarch64-none-elf/lib/pic\libg.a(libc_a-strtoul.o)
                0x0000000000012660                strtoul
 .text.aligned_alloc
                0x00000000000126a0       0x2c D:/SwitchDevkit/devkitA64/bin/../lib/gcc/aarch64-none-elf/15.2.0/../../../../aarch64-none-elf/lib/pic\libg.a(libc_a-aligned_alloc.o)
                0x00000000000126a0                aligned_alloc
 *fill*         0x00000000000126cc       0x14 
 .text._memalign_r
                0x00000000000126e0      0x18c D:/SwitchDevkit/devkitA64/bin/../lib/gcc/aarch64-none-elf/15.2.0/../../../../aarch64-none-elf/lib/pic\libg.a(libc_a-malignr.o)
                0x00000000000126e0                _memalign_r
 *fill*         0x000000000001286c       0x14 
 .text.__errno  0x0000000000012880       0x14 D:/SwitchDevkit/devkitA64/bin/../lib/gcc/aarch64-none-elf/15.2.0/../../../../aarch64-none-elf/lib/pic\libg.a(libc_a-errno.o)
                0x0000000000012880                __errno
 *fill*         0x0000000000012894       0x2c 
 .text          0x00000000000128c0      0x130 D:/SwitchDevkit/devkitA64/bin/../lib/gcc/aarch64-none-elf/15.2.0/../../../../aarch64-none-elf/lib/pic\libg.a(libc_a-strlen.o)
                0x00000000000128c0                strlen
 *fill*         0x00000000000129f0       0x10 
 .text          0x0000000000012a00      0x1b4 D:/SwitchDevkit/devkitA64/bin/../lib/gcc/aarch64-none-elf/15.2.0/../../../../aarch64-none-elf/lib/pic\libg.a(libc_a-strncmp.o)
                0x0000000000012a00                strncmp
 *fill*         0x0000000000012bb4        0xc 
 .text._malloc_r
                0x0000000000012bc0      0x840 D:/SwitchDevkit/devkitA64/bin/../lib/gcc/aarch64-none-elf/15.2.0/../../../../aarch64-none-elf/lib/pic\libg.a(libc_a-mallocr.o)
                0x0000000000012bc0                _malloc_r
 .text._malloc_trim_r
                0x0000000000013400      0x11c D:/SwitchDevkit/devkitA64/bin/../lib/gcc/aarch64-none-elf/15.2.0/../../../../aarch64-none-elf/lib/pic\libg.a(libc_a-freer.o)
                0x0000000000013400                _malloc_trim_r
 *fill*         0x000000000001351c        0x4 
 .text._free_r  0x0000000000013520      0x2d8 D:/SwitchDevkit/devkitA64/bin/../lib/gcc/aarch64-none-elf/15.2.0/../../../../aarch64-none-elf/lib/pic\libg.a(libc_a-freer.o)
                0x0000000000013520                _free_r
 *fill*         0x00000000000137f8        0x8 
 .text.setvbuf  0x0000000000013800      0x278 D:/SwitchDevkit/devkitA64/bin/../lib/gcc/aarch64-none-elf/15.2.0/../../../../aarch64-none-elf/lib/pic\libg.a(libc_a-setvbuf.o)
                0x0000000000013800                setvbuf
 *fill*         0x0000000000013a78        0x8 
 .text.stdio_exit_handler
                0x0000000000013a80       0x1c D:/SwitchDevkit/devkitA64/bin/../lib/gcc/aarch64-none-elf/15.2.0/../../../../aarch64-none-elf/lib/pic\libg.a(libc_a-findfp.o)
 *fill*         0x0000000000013a9c        0x4 
 .text.cleanup_stdio
                0x0000000000013aa0       0x6c D:/SwitchDevkit/devkitA64/bin/../lib/gcc/aarch64-none-elf/15.2.0/../../../../aarch64-none-elf/lib/pic\libg.a(libc_a-findfp.o)
 *fill*         0x0000000000013b0c       0x14 
 .text.global_stdio_init.part.0
                0x0000000000013b20      0x128 D:/SwitchDevkit/devkitA64/bin/../lib/gcc/aarch64-none-elf/15.2.0/../../../../aarch64-none-elf/lib/pic\libg.a(libc_a-findfp.o)
 *fill*         0x0000000000013c48       0x18 
 .text.__sfp_lock_acquire
                0x0000000000013c60        0xc D:/SwitchDevkit/devkitA64/bin/../lib/gcc/aarch64-none-elf/15.2.0/../../../../aarch64-none-elf/lib/pic\libg.a(libc_a-findfp.o)
                0x0000000000013c60                __sfp_lock_acquire
 *fill*         0x0000000000013c6c       0x14 
 .text.__sfp_lock_release
                0x0000000000013c80        0xc D:/SwitchDevkit/devkitA64/bin/../lib/gcc/aarch64-none-elf/15.2.0/../../../../aarch64-none-elf/lib/pic\libg.a(libc_a-findfp.o)
                0x0000000000013c80                __sfp_lock_release
 *fill*         0x0000000000013c8c       0x14 
 .text.__sinit  0x0000000000013ca0       0x54 D:/SwitchDevkit/devkitA64/bin/../lib/gcc/aarch64-none-elf/15.2.0/../../../../aarch64-none-elf/lib/pic\libg.a(libc_a-findfp.o)
                0x0000000000013ca0                __sinit
 *fill*         0x0000000000013cf4        0xc 
 .text.__libc_init_array
                0x0000000000013d00       0xa4 D:/SwitchDevkit/devkitA64/bin/../lib/gcc/aarch64-none-elf/15.2.0/../../../../aarch64-none-elf/lib/pic\libg.a(libc_a-init.o)
                0x0000000000013d00                __libc_init_array
 *fill*         0x0000000000013da4       0x1c 
 .text.strncpy  0x0000000000013dc0       0xac D:/SwitchDevkit/devkitA64/bin/../lib/gcc/aarch64-none-elf/15.2.0/../../../../aarch64-none-elf/lib/pic\libg.a(libc_a-strncpy.o)
                0x0000000000013dc0                strncpy
 *fill*         0x0000000000013e6c       0x14 
 .text.malloc   0x0000000000013e80       0x38 D:/SwitchDevkit/devkitA64/bin/../lib/gcc/aarch64-none-elf/15.2.0/../../../../aarch64-none-elf/lib/pic\libg.a(libc_a-malloc.o)
                0x0000000000013e80                malloc
 *fill*         0x0000000000013eb8        0x8 
 .text.free     0x0000000000013ec0       0x1c D:/SwitchDevkit/devkitA64/bin/../lib/gcc/aarch64-none-elf/15.2.0/../../../../aarch64-none-elf/lib/pic\libg.a(libc_a-malloc.o)
                0x0000000000013ec0                free
 *fill*         0x0000000000013edc        0x4 
 .text._puts_r  0x0000000000013ee0       0xd4 D:/SwitchDevkit/devkitA64/bin/../lib/gcc/aarch64-none-elf/15.2.0/../../../../aarch64-none-elf/lib/pic\libg.a(libc_a-puts.o)
                0x0000000000013ee0                _puts_r
 *fill*         0x0000000000013fb4        0xc 
 .text.puts     0x0000000000013fc0       0x1c D:/SwitchDevkit/devkitA64/bin/../lib/gcc/aarch64-none-elf/15.2.0/../../../../aarch64-none-elf/lib/pic\libg.a(libc_a-puts.o)
                0x0000000000013fc0                puts
 *fill*         0x0000000000013fdc        0x4 
 .text.__sread  0x0000000000013fe0       0x4c D:/SwitchDevkit/devkitA64/bin/../lib/gcc/aarch64-none-elf/15.2.0/../../../../aarch64-none-elf/lib/pic\libg.a(libc_a-stdio.o)
                0x0000000000013fe0                __sread
 *fill*         0x000000000001402c       0x14 
 .text.__swrite
                0x0000000000014040       0x70 D:/SwitchDevkit/devkitA64/bin/../lib/gcc/aarch64-none-elf/15.2.0/../../../../aarch64-none-elf/lib/pic\libg.a(libc_a-stdio.o)
                0x0000000000014040                __swrite
 *fill*         0x00000000000140b0       0x10 
 .text.__sseek  0x00000000000140c0       0x50 D:/SwitchDevkit/devkitA64/bin/../lib/gcc/aarch64-none-elf/15.2.0/../../../../aarch64-none-elf/lib/pic\libg.a(libc_a-stdio.o)
                0x00000000000140c0                __sseek
 *fill*         0x0000000000014110       0x10 
 .text.__sclose
                0x0000000000014120        0x8 D:/SwitchDevkit/devkitA64/bin/../lib/gcc/aarch64-none-elf/15.2.0/../../../../aarch64-none-elf/lib/pic\libg.a(libc_a-stdio.o)
                0x0000000000014120                __sclose
 *fill*         0x0000000000014128       0x18 
 .text.__malloc_lock
                0x0000000000014140        0xc D:/SwitchDevkit/devkitA64/bin/../lib/gcc/aarch64-none-elf/15.2.0/../../../../aarch64-none-elf/lib/pic\libg.a(libc_a-mlock.o)
                0x0000000000014140                __malloc_lock
 *fill*         0x000000000001414c       0x14 
 .text.__malloc_unlock
                0x0000000000014160        0xc D:/SwitchDevkit/devkitA64/bin/../lib/gcc/aarch64-none-elf/15.2.0/../../../../aarch64-none-elf/lib/pic\libg.a(libc_a-mlock.o)
                0x0000000000014160                __malloc_unlock
 *fill*         0x000000000001416c       0x14 
 .text._fclose_r
                0x0000000000014180      0x130 D:/SwitchDevkit/devkitA64/bin/../lib/gcc/aarch64-none-elf/15.2.0/../../../../aarch64-none-elf/lib/pic\libg.a(libc_a-fclose.o)
                0x0000000000014180                _fclose_r
 *fill*         0x00000000000142b0       0x10 
 .text.setenv   0x00000000000142c0       0x34 D:/SwitchDevkit/devkitA64/bin/../lib/gcc/aarch64-none-elf/15.2.0/../../../../aarch64-none-elf/lib/pic\libg.a(libc_a-setenv.o)
                0x00000000000142c0                setenv
 *fill*         0x00000000000142f4        0xc 
 .text.__call_exitprocs
                0x0000000000014300        0x4 D:/SwitchDevkit/devkitA64/bin/../lib/gcc/aarch64-none-elf/15.2.0/../../../../aarch64-none-elf/lib/pic\libg.a(libc_a-exit.o)
                0x0000000000014300                __call_exitprocs
 *fill*         0x0000000000014304       0x3c 
 .text          0x0000000000014340      0x134 D:/SwitchDevkit/devkitA64/bin/../lib/gcc/aarch64-none-elf/15.2.0/../../../../aarch64-none-elf/lib/pic\libg.a(libc_a-strcmp.o)
                0x0000000000014340                strcmp
 *fill*         0x0000000000014474        0xc 
 .text.__libc_fini_array
                0x0000000000014480       0x44 D:/SwitchDevkit/devkitA64/bin/../lib/gcc/aarch64-none-elf/15.2.0/../../../../aarch64-none-elf/lib/pic\libg.a(libc_a-fini.o)
                0x0000000000014480                __libc_fini_array
 *fill*         0x00000000000144c4       0x1c 
 .text.gmtime_r
                0x00000000000144e0      0x2a0 D:/SwitchDevkit/devkitA64/bin/../lib/gcc/aarch64-none-elf/15.2.0/../../../../aarch64-none-elf/lib/pic\libg.a(libc_a-gmtime_r.o)
                0x00000000000144e0                gmtime_r
 .text._setenv_r
                0x0000000000014780      0x258 D:/SwitchDevkit/devkitA64/bin/../lib/gcc/aarch64-none-elf/15.2.0/../../../../aarch64-none-elf/lib/pic\libg.a(libc_a-setenv_r.o)
                0x0000000000014780                _setenv_r
 *fill*         0x00000000000149d8        0x8 
 .text._fwalk_sglue
                0x00000000000149e0       0x98 D:/SwitchDevkit/devkitA64/bin/../lib/gcc/aarch64-none-elf/15.2.0/../../../../aarch64-none-elf/lib/pic\libg.a(libc_a-fwalk.o)
                0x00000000000149e0                _fwalk_sglue
 *fill*         0x0000000000014a78        0x8 
 .text.__sfvwrite_r
                0x0000000000014a80      0x4a4 D:/SwitchDevkit/devkitA64/bin/../lib/gcc/aarch64-none-elf/15.2.0/../../../../aarch64-none-elf/lib/pic\libg.a(libc_a-fvwrite.o)
                0x0000000000014a80                __sfvwrite_r
 *fill*         0x0000000000014f24       0x1c 
 .text.__swhatbuf_r
                0x0000000000014f40       0xb0 D:/SwitchDevkit/devkitA64/bin/../lib/gcc/aarch64-none-elf/15.2.0/../../../../aarch64-none-elf/lib/pic\libg.a(libc_a-makebuf.o)
                0x0000000000014f40                __swhatbuf_r
 *fill*         0x0000000000014ff0       0x10 
 .text.__smakebuf_r
                0x0000000000015000       0xe8 D:/SwitchDevkit/devkitA64/bin/../lib/gcc/aarch64-none-elf/15.2.0/../../../../aarch64-none-elf/lib/pic\libg.a(libc_a-makebuf.o)
                0x0000000000015000                __smakebuf_r
 *fill*         0x00000000000150e8       0x18 
 .text.__sflush_r
                0x0000000000015100      0x1ec D:/SwitchDevkit/devkitA64/bin/../lib/gcc/aarch64-none-elf/15.2.0/../../../../aarch64-none-elf/lib/pic\libg.a(libc_a-fflush.o)
                0x0000000000015100                __sflush_r
 *fill*         0x00000000000152ec       0x14 
 .text._fflush_r
                0x0000000000015300       0xbc D:/SwitchDevkit/devkitA64/bin/../lib/gcc/aarch64-none-elf/15.2.0/../../../../aarch64-none-elf/lib/pic\libg.a(libc_a-fflush.o)
                0x0000000000015300                _fflush_r
 *fill*         0x00000000000153bc        0x4 
 .text.__swsetup_r
                0x00000000000153c0      0x12c D:/SwitchDevkit/devkitA64/bin/../lib/gcc/aarch64-none-elf/15.2.0/../../../../aarch64-none-elf/lib/pic\libg.a(libc_a-wsetup.o)
                0x00000000000153c0                __swsetup_r
 *fill*         0x00000000000154ec       0x14 
 .text._findenv_r
                0x0000000000015500       0xf4 D:/SwitchDevkit/devkitA64/bin/../lib/gcc/aarch64-none-elf/15.2.0/../../../../aarch64-none-elf/lib/pic\libg.a(libc_a-getenv_r.o)
                0x0000000000015500                _findenv_r
 *fill*         0x00000000000155f4        0xc 
 .text._realloc_r
                0x0000000000015600      0x568 D:/SwitchDevkit/devkitA64/bin/../lib/gcc/aarch64-none-elf/15.2.0/../../../../aarch64-none-elf/lib/pic\libg.a(libc_a-reallocr.o)
                0x0000000000015600                _realloc_r
 *fill*         0x0000000000015b68       0x18 
 .text          0x0000000000015b80       0xdc D:/SwitchDevkit/devkitA64/bin/../lib/gcc/aarch64-none-elf/15.2.0/../../../../aarch64-none-elf/lib/pic\libg.a(libc_a-memchr.o)
                0x0000000000015b80                memchr
 *fill*         0x0000000000015c5c       0x24 
 .text          0x0000000000015c80       0xcc D:/SwitchDevkit/devkitA64/bin/../lib/gcc/aarch64-none-elf/15.2.0/../../../../aarch64-none-elf/lib/pic\libg.a(libc_a-strchr.o)
                0x0000000000015c80                strchr
 *fill*         0x0000000000015d4c       0x14 
 .text.__env_lock
                0x0000000000015d60        0xc D:/SwitchDevkit/devkitA64/bin/../lib/gcc/aarch64-none-elf/15.2.0/../../../../aarch64-none-elf/lib/pic\libg.a(libc_a-envlock.o)
                0x0000000000015d60                __env_lock
 *fill*         0x0000000000015d6c       0x14 
 .text.__env_unlock
                0x0000000000015d80        0xc D:/SwitchDevkit/devkitA64/bin/../lib/gcc/aarch64-none-elf/15.2.0/../../../../aarch64-none-elf/lib/pic\libg.a(libc_a-envlock.o)
                0x0000000000015d80                __env_unlock
 *fill*         0x0000000000015d8c       0x14 
 .text._exit    0x0000000000015da0       0x20 D:/SwitchDevkit/devkitA64/bin/../lib/gcc/aarch64-none-elf/15.2.0/../../../../aarch64-none-elf/lib/pic\libsysbase.a(libsysbase_libsysbase_a-_exit.o)
                0x0000000000015da0                _exit
 .text.chdir    0x0000000000015dc0      0x16c D:/SwitchDevkit/devkitA64/bin/../lib/gcc/aarch64-none-elf/15.2.0/../../../../aarch64-none-elf/lib/pic\libsysbase.a(libsysbase_libsysbase_a-chdir.o)
                0x0000000000015dc0                chdir
 *fill*         0x0000000000015f2c       0x14 
 .text._concatenate_path
                0x0000000000015f40      0x218 D:/SwitchDevkit/devkitA64/bin/../lib/gcc/aarch64-none-elf/15.2.0/../../../../aarch64-none-elf/lib/pic\libsysbase.a(libsysbase_libsysbase_a-concatenate.o)
                0x0000000000015f40                _concatenate_path
 *fill*         0x0000000000016158        0x8 
 .text._fstat_r
                0x0000000000016160       0x9c D:/SwitchDevkit/devkitA64/bin/../lib/gcc/aarch64-none-elf/15.2.0/../../../../aarch64-none-elf/lib/pic\libsysbase.a(libsysbase_libsysbase_a-fstat.o)
                0x0000000000016160                _fstat_r
 *fill*         0x00000000000161fc        0x4 
 .text.__getreent
                0x0000000000016200       0x20 D:/SwitchDevkit/devkitA64/bin/../lib/gcc/aarch64-none-elf/15.2.0/../../../../aarch64-none-elf/lib/pic\libsysbase.a(libsysbase_libsysbase_a-getreent.o)
                0x0000000000016200                __getreent
 .text.__get_handle
                0x0000000000016220       0x60 D:/SwitchDevkit/devkitA64/bin/../lib/gcc/aarch64-none-elf/15.2.0/../../../../aarch64-none-elf/lib/pic\libsysbase.a(libsysbase_libsysbase_a-handle_manager.o)
                0x0000000000016220                __get_handle
 .text._close_r
                0x0000000000016280       0xf4 D:/SwitchDevkit/devkitA64/bin/../lib/gcc/aarch64-none-elf/15.2.0/../../../../aarch64-none-elf/lib/pic\libsysbase.a(libsysbase_libsysbase_a-handle_manager.o)
                0x0000000000016280                _close_r
 *fill*         0x0000000000016374        0xc 
 .text.null_write
                0x0000000000016380        0x8 D:/SwitchDevkit/devkitA64/bin/../lib/gcc/aarch64-none-elf/15.2.0/../../../../aarch64-none-elf/lib/pic\libsysbase.a(libsysbase_libsysbase_a-iosupport.o)
 *fill*         0x0000000000016388       0x18 
 .text.setDefaultDevice
                0x00000000000163a0       0x18 D:/SwitchDevkit/devkitA64/bin/../lib/gcc/aarch64-none-elf/15.2.0/../../../../aarch64-none-elf/lib/pic\libsysbase.a(libsysbase_libsysbase_a-iosupport.o)
                0x00000000000163a0                setDefaultDevice
 *fill*         0x00000000000163b8        0x8 
 .text.FindDevice
                0x00000000000163c0       0xb8 D:/SwitchDevkit/devkitA64/bin/../lib/gcc/aarch64-none-elf/15.2.0/../../../../aarch64-none-elf/lib/pic\libsysbase.a(libsysbase_libsysbase_a-iosupport.o)
                0x00000000000163c0                FindDevice
 *fill*         0x0000000000016478        0x8 
 .text.RemoveDevice
                0x0000000000016480       0x2c D:/SwitchDevkit/devkitA64/bin/../lib/gcc/aarch64-none-elf/15.2.0/../../../../aarch64-none-elf/lib/pic\libsysbase.a(libsysbase_libsysbase_a-iosupport.o)
                0x0000000000016480                RemoveDevice
 *fill*         0x00000000000164ac       0x14 
 .text.AddDevice
                0x00000000000164c0       0xa4 D:/SwitchDevkit/devkitA64/bin/../lib/gcc/aarch64-none-elf/15.2.0/../../../../aarch64-none-elf/lib/pic\libsysbase.a(libsysbase_libsysbase_a-iosupport.o)
                0x00000000000164c0                AddDevice
 *fill*         0x0000000000016564       0x1c 
 .text.GetDeviceOpTab
                0x0000000000016580       0x34 D:/SwitchDevkit/devkitA64/bin/../lib/gcc/aarch64-none-elf/15.2.0/../../../../aarch64-none-elf/lib/pic\libsysbase.a(libsysbase_libsysbase_a-iosupport.o)
                0x0000000000016580                GetDeviceOpTab
 *fill*         0x00000000000165b4        0xc 
 .text._isatty_r
                0x00000000000165c0        0x8 D:/SwitchDevkit/devkitA64/bin/../lib/gcc/aarch64-none-elf/15.2.0/../../../../aarch64-none-elf/lib/pic\libsysbase.a(libsysbase_libsysbase_a-isatty.o)
                0x00000000000165c0                _isatty_r
 *fill*         0x00000000000165c8       0x18 
 .text._lseek_r
                0x00000000000165e0       0xa0 D:/SwitchDevkit/devkitA64/bin/../lib/gcc/aarch64-none-elf/15.2.0/../../../../aarch64-none-elf/lib/pic\libsysbase.a(libsysbase_libsysbase_a-lseek.o)
                0x00000000000165e0                _lseek_r
 .text._read_r  0x0000000000016680       0xb0 D:/SwitchDevkit/devkitA64/bin/../lib/gcc/aarch64-none-elf/15.2.0/../../../../aarch64-none-elf/lib/pic\libsysbase.a(libsysbase_libsysbase_a-read.o)
                0x0000000000016680                _read_r
 *fill*         0x0000000000016730       0x10 
 .text._sbrk_r  0x0000000000016740       0x78 D:/SwitchDevkit/devkitA64/bin/../lib/gcc/aarch64-none-elf/15.2.0/../../../../aarch64-none-elf/lib/pic\libsysbase.a(libsysbase_libsysbase_a-sbrk.o)
                0x0000000000016740                _sbrk_r
 *fill*         0x00000000000167b8        0x8 
 .text.__libc_lock_acquire
                0x00000000000167c0       0x14 D:/SwitchDevkit/devkitA64/bin/../lib/gcc/aarch64-none-elf/15.2.0/../../../../aarch64-none-elf/lib/pic\libsysbase.a(libsysbase_libsysbase_a-syscall_support.o)
                0x00000000000167c0                __libc_lock_acquire
 *fill*         0x00000000000167d4        0xc 
 .text.__libc_lock_release
                0x00000000000167e0       0x14 D:/SwitchDevkit/devkitA64/bin/../lib/gcc/aarch64-none-elf/15.2.0/../../../../aarch64-none-elf/lib/pic\libsysbase.a(libsysbase_libsysbase_a-syscall_support.o)
                0x00000000000167e0                __libc_lock_release
 *fill*         0x00000000000167f4        0xc 
 .text.__libc_lock_acquire_recursive
                0x0000000000016800       0x14 D:/SwitchDevkit/devkitA64/bin/../lib/gcc/aarch64-none-elf/15.2.0/../../../../aarch64-none-elf/lib/pic\libsysbase.a(libsysbase_libsysbase_a-syscall_support.o)
                0x0000000000016800                __libc_lock_acquire_recursive
 *fill*         0x0000000000016814        0xc 
 .text.__libc_lock_release_recursive
                0x0000000000016820       0x14 D:/SwitchDevkit/devkitA64/bin/../lib/gcc/aarch64-none-elf/15.2.0/../../../../aarch64-none-elf/lib/pic\libsysbase.a(libsysbase_libsysbase_a-syscall_support.o)
                0x0000000000016820                __libc_lock_release_recursive
 *fill*         0x0000000000016834        0xc 
 .text._write_r
                0x0000000000016840       0xb0 D:/SwitchDevkit/devkitA64/bin/../lib/gcc/aarch64-none-elf/15.2.0/../../../../aarch64-none-elf/lib/pic\libsysbase.a(libsysbase_libsysbase_a-write.o)
                0x0000000000016840                _write_r
 *fill*         0x00000000000168f0       0x10 
 .text          0x0000000000016900      0x104 D:/SwitchDevkit/devkitA64/bin/../lib/gcc/aarch64-none-elf/15.2.0/../../../../aarch64-none-elf/lib/pic\libg.a(libc_a-strrchr.o)
                0x0000000000016900                strrchr
                0x0000000000016a08                . = ALIGN (0x8)
 *fill*         0x0000000000016a04        0x4 

.init           0x0000000000016a08       0x38
 *(.init)
 .init          0x0000000000016a08       0x18 D:/SwitchDevkit/devkitA64/bin/../lib/gcc/aarch64-none-elf/15.2.0/pic/crti.o
                0x0000000000016a08                _init
 .init          0x0000000000016a20       0x1c D:/SwitchDevkit/devkitA64/bin/../lib/gcc/aarch64-none-elf/15.2.0/pic/crtn.o
                0x0000000000016a40                . = ALIGN (0x8)
 *fill*         0x0000000000016a3c        0x4 

.plt            0x0000000000016a40        0x0
 *(.plt)
 .plt           0x0000000000016a40        0x0 D:/SwitchDevkit/devkitA64/bin/../lib/gcc/aarch64-none-elf/15.2.0/pic/crti.o
 *(.iplt)
                0x0000000000016a40                . = ALIGN (0x8)

.fini           0x0000000000016a40       0x38
 *(.fini)
 .fini          0x0000000000016a40       0x18 D:/SwitchDevkit/devkitA64/bin/../lib/gcc/aarch64-none-elf/15.2.0/pic/crti.o
                0x0000000000016a40                _fini
 .fini          0x0000000000016a58       0x1c D:/SwitchDevkit/devkitA64/bin/../lib/gcc/aarch64-none-elf/15.2.0/pic/crtn.o
                0x0000000000016a78                . = ALIGN (0x8)
 *fill*         0x0000000000016a74        0x4 
                0x0000000000017000                . = ALIGN (0x1000)
                [!provide]                        PROVIDE (__rodata_start = .)

.nx-module-name
                0x0000000000017000        0xd
 *(.nx-module-name)
 .nx-module-name
                0x0000000000017000        0xd D:/SwitchDevkit/devkitA64/bin/../lib/gcc/aarch64-none-elf/15.2.0/pic/crti.o

.rela.dyn       0x0000000000017010        0x0
 *(.rela.*)
 .rela.got      0x0000000000017010        0x0 D:/SwitchDevkit/devkitA64/bin/../lib/gcc/aarch64-none-elf/15.2.0/pic/crti.o
 .rela.plt      0x0000000000017010        0x0 D:/SwitchDevkit/devkitA64/bin/../lib/gcc/aarch64-none-elf/15.2.0/pic/crti.o
 .rela.bss      0x0000000000017010        0x0 D:/SwitchDevkit/devkitA64/bin/../lib/gcc/aarch64-none-elf/15.2.0/pic/crti.o
 .rela.data.rel.ro
                0x0000000000017010        0x0 D:/SwitchDevkit/devkitA64/bin/../lib/gcc/aarch64-none-elf/15.2.0/pic/crti.o
 .rela.init_array
                0x0000000000017010        0x0 D:/SwitchDevkit/devkitA64/bin/../lib/gcc/aarch64-none-elf/15.2.0/pic/crti.o
 .rela.fini_array
                0x0000000000017010        0x0 D:/SwitchDevkit/devkitA64/bin/../lib/gcc/aarch64-none-elf/15.2.0/pic/crti.o
 .rela.ifunc    0x0000000000017010        0x0 D:/SwitchDevkit/devkitA64/bin/../lib/gcc/aarch64-none-elf/15.2.0/pic/crti.o
 .rela.data.rel.ro.local.dotab_stdout
                0x0000000000017010        0x0 D:/SwitchDevkit/devkitA64/bin/../lib/gcc/aarch64-none-elf/15.2.0/pic/crti.o
 .rela.data.rel.local.currentConsole
                0x0000000000017010        0x0 D:/SwitchDevkit/devkitA64/bin/../lib/gcc/aarch64-none-elf/15.2.0/pic/crti.o
 .rela.data.rel.defaultConsole
                0x0000000000017010        0x0 D:/SwitchDevkit/devkitA64/bin/../lib/gcc/aarch64-none-elf/15.2.0/pic/crti.o
 .rela.data.rel.local.s_consoleSwRenderer
                0x0000000000017010        0x0 D:/SwitchDevkit/devkitA64/bin/../lib/gcc/aarch64-none-elf/15.2.0/pic/crti.o
 .rela.data.rel.ro.local.fsdev_devoptab
                0x0000000000017010        0x0 D:/SwitchDevkit/devkitA64/bin/../lib/gcc/aarch64-none-elf/15.2.0/pic/crti.o
 .rela.data.rel._impure_ptr
                0x0000000000017010        0x0 D:/SwitchDevkit/devkitA64/bin/../lib/gcc/aarch64-none-elf/15.2.0/pic/crti.o
 .rela.data.rel._impure_data
                0x0000000000017010        0x0 D:/SwitchDevkit/devkitA64/bin/../lib/gcc/aarch64-none-elf/15.2.0/pic/crti.o
 .rela.data.rel.__malloc_av_
                0x0000000000017010        0x0 D:/SwitchDevkit/devkitA64/bin/../lib/gcc/aarch64-none-elf/15.2.0/pic/crti.o
 .rela.data.rel.__sglue
                0x0000000000017010        0x0 D:/SwitchDevkit/devkitA64/bin/../lib/gcc/aarch64-none-elf/15.2.0/pic/crti.o
 .rela.data.rel.local.environ
                0x0000000000017010        0x0 D:/SwitchDevkit/devkitA64/bin/../lib/gcc/aarch64-none-elf/15.2.0/pic/crti.o
 .rela.data.rel.local.handles
                0x0000000000017010        0x0 D:/SwitchDevkit/devkitA64/bin/../lib/gcc/aarch64-none-elf/15.2.0/pic/crti.o
 .rela.data.rel.devoptab_list
                0x0000000000017010        0x0 D:/SwitchDevkit/devkitA64/bin/../lib/gcc/aarch64-none-elf/15.2.0/pic/crti.o
 .rela.data.rel.ro.local.dotab_stdnull
                0x0000000000017010        0x0 D:/SwitchDevkit/devkitA64/bin/../lib/gcc/aarch64-none-elf/15.2.0/pic/crti.o

.relr.dyn       0x0000000000017010       0x80
 *(.relr.*)